Archive member included to satisfy reference by file (symbol)

libbb/lib.a(appletlib.o)      /opt/riscv/sysroot/usr/lib/crt1.o (main)
libbb/lib.a(compare_string_array.o)
                              libbb/lib.a(appletlib.o) (is_prefixed_with)
libbb/lib.a(concat_path_file.o)
                              libbb/lib.a(appletlib.o) (concat_path_file)
libbb/lib.a(default_error_retval.o)
                              libbb/lib.a(appletlib.o) (xfunc_error_retval)
libbb/lib.a(get_last_path_component.o)
                              libbb/lib.a(appletlib.o) (bb_basename)
libbb/lib.a(last_char_is.o)   libbb/lib.a(concat_path_file.o) (last_char_is)
libbb/lib.a(llist.o)          libbb/lib.a(appletlib.o) (llist_free)
libbb/lib.a(messages.o)       libbb/lib.a(appletlib.o) (bb_busybox_exec_path)
libbb/lib.a(perror_msg.o)     libbb/lib.a(appletlib.o) (bb_simple_perror_msg)
libbb/lib.a(ptr_to_globals.o)
                              libbb/lib.a(appletlib.o) (bb_errno)
libbb/lib.a(skip_whitespace.o)
                              libbb/lib.a(appletlib.o) (skip_whitespace)
libbb/lib.a(verror_msg.o)     libbb/lib.a(perror_msg.o) (bb_verror_msg)
libbb/lib.a(wfopen.o)         libbb/lib.a(appletlib.o) (fopen_for_read)
libbb/lib.a(xfunc_die.o)      libbb/lib.a(appletlib.o) (xfunc_die)
libbb/lib.a(xfuncs.o)         libbb/lib.a(appletlib.o) (full_write1_str)
libbb/lib.a(xfuncs_printf.o)  libbb/lib.a(wfopen.o) (bb_die_memory_exhausted)
libbb/lib.a(xreadlink.o)      libbb/lib.a(appletlib.o) (xmalloc_readlink)
libbb/lib.a(copyfd.o)         libbb/lib.a(xfuncs_printf.o) (bb_copyfd_eof)
libbb/lib.a(full_write.o)     libbb/lib.a(verror_msg.o) (full_write)
libbb/lib.a(read.o)           libbb/lib.a(copyfd.o) (safe_read)
libbb/lib.a(safe_write.o)     libbb/lib.a(full_write.o) (safe_write)
libbb/lib.a(signals.o)        libbb/lib.a(xfuncs_printf.o) (kill_myself_with_sig)
libbb/lib.a(time.o)           libbb/lib.a(xfuncs_printf.o) (monotonic_us)
libbb/lib.a(xgetcwd.o)        libbb/lib.a(xreadlink.o) (xrealloc_getcwd_or_warn)
libbb/lib.a(bb_strtonum.o)    libbb/lib.a(time.o) (bb_strtoll)
libpwdgrp/lib.a(pwd_grp.o)    libbb/lib.a(appletlib.o) (bb_internal_getpwnam)
libpwdgrp/lib.a(uidgid_get.o)
                              libbb/lib.a(appletlib.o) (get_uidgid)
loginutils/lib.a(add-remove-shell.o)
                              libbb/lib.a(appletlib.o) (add_remove_shell_main)
loginutils/lib.a(addgroup.o)  libbb/lib.a(appletlib.o) (addgroup_main)
loginutils/lib.a(adduser.o)   libbb/lib.a(appletlib.o) (adduser_main)
loginutils/lib.a(chpasswd.o)  libbb/lib.a(appletlib.o) (chpasswd_main)
loginutils/lib.a(cryptpw.o)   libbb/lib.a(appletlib.o) (cryptpw_main)
loginutils/lib.a(deluser.o)   libbb/lib.a(appletlib.o) (deluser_main)
loginutils/lib.a(getty.o)     libbb/lib.a(appletlib.o) (getty_main)
loginutils/lib.a(login.o)     libbb/lib.a(appletlib.o) (login_main)
loginutils/lib.a(passwd.o)    libbb/lib.a(appletlib.o) (passwd_main)
loginutils/lib.a(su.o)        libbb/lib.a(appletlib.o) (su_main)
loginutils/lib.a(sulogin.o)   libbb/lib.a(appletlib.o) (sulogin_main)
loginutils/lib.a(vlock.o)     libbb/lib.a(appletlib.o) (vlock_main)
mailutils/lib.a(makemime.o)   libbb/lib.a(appletlib.o) (makemime_main)
mailutils/lib.a(popmaildir.o)
                              libbb/lib.a(appletlib.o) (popmaildir_main)
mailutils/lib.a(reformime.o)  libbb/lib.a(appletlib.o) (reformime_main)
mailutils/lib.a(sendmail.o)   libbb/lib.a(appletlib.o) (sendmail_main)
mailutils/lib.a(mail.o)       mailutils/lib.a(popmaildir.o) (launch_helper)
miscutils/lib.a(adjtimex.o)   libbb/lib.a(appletlib.o) (adjtimex_main)
miscutils/lib.a(ascii.o)      libbb/lib.a(appletlib.o) (ascii_main)
miscutils/lib.a(bc.o)         libbb/lib.a(appletlib.o) (bc_main)
miscutils/lib.a(beep.o)       libbb/lib.a(appletlib.o) (beep_main)
miscutils/lib.a(chat.o)       libbb/lib.a(appletlib.o) (chat_main)
miscutils/lib.a(conspy.o)     libbb/lib.a(appletlib.o) (conspy_main)
miscutils/lib.a(crond.o)      libbb/lib.a(appletlib.o) (crond_main)
miscutils/lib.a(crontab.o)    libbb/lib.a(appletlib.o) (crontab_main)
miscutils/lib.a(devmem.o)     libbb/lib.a(appletlib.o) (devmem_main)
miscutils/lib.a(fbsplash.o)   libbb/lib.a(appletlib.o) (fbsplash_main)
miscutils/lib.a(hdparm.o)     libbb/lib.a(appletlib.o) (hdparm_main)
miscutils/lib.a(hexedit.o)    libbb/lib.a(appletlib.o) (hexedit_main)
miscutils/lib.a(i2c_tools.o)  libbb/lib.a(appletlib.o) (i2cget_main)
miscutils/lib.a(less.o)       libbb/lib.a(appletlib.o) (less_main)
miscutils/lib.a(lsscsi.o)     libbb/lib.a(appletlib.o) (lsscsi_main)
miscutils/lib.a(makedevs.o)   libbb/lib.a(appletlib.o) (makedevs_main)
miscutils/lib.a(man.o)        libbb/lib.a(appletlib.o) (man_main)
miscutils/lib.a(microcom.o)   libbb/lib.a(appletlib.o) (microcom_main)
miscutils/lib.a(mt.o)         libbb/lib.a(appletlib.o) (mt_main)
miscutils/lib.a(nandwrite.o)  libbb/lib.a(appletlib.o) (nandwrite_main)
miscutils/lib.a(partprobe.o)  libbb/lib.a(appletlib.o) (partprobe_main)
[...]
Memory Configuration

Name             Origin             Length             Attributes
*default*        0x0000000000000000 0xffffffffffffffff

Linker script and memory map

LOAD /opt/riscv/sysroot/usr/lib/crt1.o
LOAD /opt/riscv/lib/gcc/riscv64-unknown-linux-gnu/13.2.0/crti.o
LOAD /opt/riscv/lib/gcc/riscv64-unknown-linux-gnu/13.2.0/crtbegin.o
START GROUP
LOAD applets/built-in.o
LOAD archival/lib.a
LOAD archival/libarchive/lib.a
LOAD console-tools/lib.a
LOAD coreutils/lib.a
LOAD coreutils/libcoreutils/lib.a
LOAD debianutils/lib.a
LOAD klibc-utils/lib.a
LOAD e2fsprogs/lib.a
LOAD editors/lib.a
LOAD findutils/lib.a
LOAD init/lib.a
LOAD libbb/lib.a
LOAD libpwdgrp/lib.a
LOAD loginutils/lib.a
LOAD mailutils/lib.a
LOAD miscutils/lib.a
LOAD modutils/lib.a
LOAD networking/lib.a
LOAD networking/libiproute/lib.a
LOAD networking/udhcp/lib.a
LOAD printutils/lib.a
LOAD procps/lib.a
LOAD runit/lib.a
LOAD selinux/lib.a
LOAD shell/lib.a
LOAD sysklogd/lib.a
LOAD util-linux/lib.a
LOAD util-linux/volume_id/lib.a
LOAD archival/built-in.o
LOAD archival/libarchive/built-in.o
LOAD console-tools/built-in.o
LOAD coreutils/built-in.o
LOAD coreutils/libcoreutils/built-in.o
LOAD debianutils/built-in.o
LOAD klibc-utils/built-in.o
LOAD e2fsprogs/built-in.o
LOAD editors/built-in.o
LOAD findutils/built-in.o
LOAD init/built-in.o
LOAD libbb/built-in.o
LOAD libpwdgrp/built-in.o
LOAD loginutils/built-in.o
LOAD mailutils/built-in.o
LOAD miscutils/built-in.o
LOAD modutils/built-in.o
LOAD networking/built-in.o
LOAD networking/libiproute/built-in.o
LOAD networking/udhcp/built-in.o
LOAD printutils/built-in.o
LOAD procps/built-in.o
LOAD runit/built-in.o
LOAD selinux/built-in.o
LOAD shell/built-in.o
LOAD sysklogd/built-in.o
LOAD util-linux/built-in.o
LOAD util-linux/volume_id/built-in.o
END GROUP
START GROUP
LOAD /opt/riscv/sysroot/usr/lib/libm.so
LOAD /opt/riscv/sysroot/usr/lib/libresolv.so
END GROUP
LOAD /opt/riscv/lib/gcc/riscv64-unknown-linux-gnu/13.2.0/libgcc.a
LOAD /opt/riscv/lib/gcc/riscv64-unknown-linux-gnu/13.2.0/libgcc_eh.a
LOAD /opt/riscv/sysroot/usr/lib/libc.so
START GROUP
LOAD /opt/riscv/sysroot/lib/libc.so.6
LOAD /opt/riscv/sysroot/usr/lib/libc_nonshared.a
LOAD /opt/riscv/sysroot/lib/ld-linux-riscv64-lp64d.so.1
END GROUP
LOAD /opt/riscv/lib/gcc/riscv64-unknown-linux-gnu/13.2.0/libgcc.a
LOAD /opt/riscv/lib/gcc/riscv64-unknown-linux-gnu/13.2.0/libgcc_eh.a
LOAD /opt/riscv/lib/gcc/riscv64-unknown-linux-gnu/13.2.0/crtend.o
LOAD /opt/riscv/lib/gcc/riscv64-unknown-linux-gnu/13.2.0/crtn.o
                [!provide]                        PROVIDE (__executable_start = SEGMENT_START ("text-segment", 0x10000))
                0x0000000000010270                . = (SEGMENT_START ("text-segment", 0x10000) + SIZEOF_HEADERS)

.interp         0x0000000000010270       0x21
 *(SORT_BY_ALIGNMENT(.interp))
 .interp        0x0000000000010270       0x21 /opt/riscv/sysroot/usr/lib/crt1.o

.note.ABI-tag   0x0000000000010294       0x20
 .note.ABI-tag  0x0000000000010294       0x20 /opt/riscv/sysroot/usr/lib/crt1.o

.note.gnu.build-id
 *(SORT_BY_ALIGNMENT(.note.gnu.build-id))

.hash           0x00000000000102b8      0xa6c
 *(SORT_BY_ALIGNMENT(.hash))
 .hash          0x00000000000102b8      0xa6c /opt/riscv/sysroot/usr/lib/crt1.o

.gnu.hash       0x0000000000010d28      0xc68
 *(SORT_BY_ALIGNMENT(.gnu.hash))
 .gnu.hash      0x0000000000010d28      0xc68 /opt/riscv/sysroot/usr/lib/crt1.o

.dynsym         0x0000000000011990     0x25b0
 *(SORT_BY_ALIGNMENT(.dynsym))
 .dynsym        0x0000000000011990     0x25b0 /opt/riscv/sysroot/usr/lib/crt1.o

.dynstr         0x0000000000013f40      0xde9
 *(SORT_BY_ALIGNMENT(.dynstr))
 .dynstr        0x0000000000013f40      0xde9 /opt/riscv/sysroot/usr/lib/crt1.o

.gnu.version    0x0000000000014d2a      0x324
 *(SORT_BY_ALIGNMENT(.gnu.version))
 .gnu.version   0x0000000000014d2a      0x324 /opt/riscv/sysroot/usr/lib/crt1.o

.gnu.version_d  0x0000000000015050        0x0
 *(SORT_BY_ALIGNMENT(.gnu.version_d))
 .gnu.version_d
                0x0000000000015050        0x0 /opt/riscv/sysroot/usr/lib/crt1.o

.gnu.version_r  0x0000000000015050       0xa0
 *(SORT_BY_ALIGNMENT(.gnu.version_r))
 .gnu.version_r
                0x0000000000015050       0xa0 /opt/riscv/sysroot/usr/lib/crt1.o

.rela.dyn       0x00000000000150f0       0xc0
 *(SORT_BY_ALIGNMENT(.rela.init))
 *(SORT_BY_ALIGNMENT(.rela.text) SORT_BY_ALIGNMENT(.rela.text.*) SORT_BY_ALIGNMENT(.rela.gnu.linkonce.t.*))
 .rela.text     0x00000000000150f0        0x0 /opt/riscv/sysroot/usr/lib/crt1.o
 .rela.text.run_applet_and_exit
                0x00000000000150f0        0x0 /opt/riscv/sysroot/usr/lib/crt1.o
 .rela.text.die_if_ferror_stdout
                0x00000000000150f0        0x0 /opt/riscv/sysroot/usr/lib/crt1.o
 .rela.text.fputs_stdout
                0x00000000000150f0        0x0 /opt/riscv/sysroot/usr/lib/crt1.o
 .rela.text.add_remove_shell_main
                0x00000000000150f0        0x0 /opt/riscv/sysroot/usr/lib/crt1.o
 .rela.text.addgroup_main
                0x00000000000150f0        0x0 /opt/riscv/sysroot/usr/lib/crt1.o
 .rela.text.adduser_main
                0x00000000000150f0        0x0 /opt/riscv/sysroot/usr/lib/crt1.o
 .rela.text.chpasswd_main
                0x00000000000150f0        0x0 /opt/riscv/sysroot/usr/lib/crt1.o
 .rela.text.cryptpw_main
                0x00000000000150f0        0x0 /opt/riscv/sysroot/usr/lib/crt1.o
 .rela.text.getty_main
                0x00000000000150f0        0x0 /opt/riscv/sysroot/usr/lib/crt1.o
 .rela.text.login_main
                0x00000000000150f0        0x0 /opt/riscv/sysroot/usr/lib/crt1.o
 .rela.text.passwd_main
                0x00000000000150f0        0x0 /opt/riscv/sysroot/usr/lib/crt1.o
 .rela.text.su_main
                0x00000000000150f0        0x0 /opt/riscv/sysroot/usr/lib/crt1.o
 .rela.text.sulogin_main
                0x00000000000150f0        0x0 /opt/riscv/sysroot/usr/lib/crt1.o
 .rela.text.makemime_main
                0x00000000000150f0        0x0 /opt/riscv/sysroot/usr/lib/crt1.o
 .rela.text.pop3_checkr
                0x00000000000150f0        0x0 /opt/riscv/sysroot/usr/lib/crt1.o
 .rela.text.popmaildir_main
                0x00000000000150f0        0x0 /opt/riscv/sysroot/usr/lib/crt1.o
 .rela.text.parse
                0x00000000000150f0        0x0 /opt/riscv/sysroot/usr/lib/crt1.o
 .rela.text.reformime_main
                0x00000000000150f0        0x0 /opt/riscv/sysroot/usr/lib/crt1.o
 .rela.text.smtp_checkp
                0x00000000000150f0        0x0 /opt/riscv/sysroot/usr/lib/crt1.o
 .rela.text.sendmail_main
                0x00000000000150f0        0x0 /opt/riscv/sysroot/usr/lib/crt1.o
 .rela.text.encode_n_base64
                0x00000000000150f0        0x0 /opt/riscv/sysroot/usr/lib/crt1.o
 .rela.text.bc_args
                0x00000000000150f0        0x0 /opt/riscv/sysroot/usr/lib/crt1.o
 .rela.text.fflush_and_check
                0x00000000000150f0        0x0 /opt/riscv/sysroot/usr/lib/crt1.o
 .rela.text.quit
                0x00000000000150f0        0x0 /opt/riscv/sysroot/usr/lib/crt1.o
 .rela.text.xc_read_line
                0x00000000000150f0        0x0 /opt/riscv/sysroot/usr/lib/crt1.o
 .rela.text.zxc_vm_process
                0x00000000000150f0        0x0 /opt/riscv/sysroot/usr/lib/crt1.o
 .rela.text.zxc_vm_execute_FILE
                0x00000000000150f0        0x0 /opt/riscv/sysroot/usr/lib/crt1.o
 .rela.text.zxc_vm_exec
                0x00000000000150f0        0x0 /opt/riscv/sysroot/usr/lib/crt1.o
 .rela.text.dc_main
                0x00000000000150f0        0x0 /opt/riscv/sysroot/usr/lib/crt1.o
 .rela.text.beep_main
                0x00000000000150f0        0x0 /opt/riscv/sysroot/usr/lib/crt1.o
 .rela.text.chat_main
                0x00000000000150f0        0x0 /opt/riscv/sysroot/usr/lib/crt1.o
 .rela.text.conspy_main
                0x00000000000150f0        0x0 /opt/riscv/sysroot/usr/lib/crt1.o
 .rela.text.ParseField
                0x00000000000150f0        0x0 /opt/riscv/sysroot/usr/lib/crt1.o
 .rela.text.crontab_main
                0x00000000000150f0        0x0 /opt/riscv/sysroot/usr/lib/crt1.o
 .rela.text.fbsplash_main
                0x00000000000150f0        0x0 /opt/riscv/sysroot/usr/lib/crt1.o
 .rela.text.parse_opts
                0x00000000000150f0        0x0 /opt/riscv/sysroot/usr/lib/crt1.o
 .rela.text.hdparm_main
                0x00000000000150f0        0x0 /opt/riscv/sysroot/usr/lib/crt1.o
 .rela.text.hexedit_main
                0x00000000000150f0        0x0 /opt/riscv/sysroot/usr/lib/crt1.o
 .rela.text.confirm_or_abort
                0x00000000000150f0        0x0 /opt/riscv/sysroot/usr/lib/crt1.o
 .rela.text.i2cget_main
                0x00000000000150f0        0x0 /opt/riscv/sysroot/usr/lib/crt1.o
 .rela.text.i2cset_main
                0x00000000000150f0        0x0 /opt/riscv/sysroot/usr/lib/crt1.o
 .rela.text.i2cdump_main
                0x00000000000150f0        0x0 /opt/riscv/sysroot/usr/lib/crt1.o
 .rela.text.i2cdetect_main
                0x00000000000150f0        0x0 /opt/riscv/sysroot/usr/lib/crt1.o
 .rela.text.i2ctransfer_main
                0x00000000000150f0        0x0 /opt/riscv/sysroot/usr/lib/crt1.o
 .rela.text.less_main
                0x00000000000150f0        0x0 /opt/riscv/sysroot/usr/lib/crt1.o
 .rela.text.makedevs_main
                0x00000000000150f0        0x0 /opt/riscv/sysroot/usr/lib/crt1.o
 .rela.text.man_main
                0x00000000000150f0        0x0 /opt/riscv/sysroot/usr/lib/crt1.o
 .rela.text.microcom_main
                0x00000000000150f0        0x0 /opt/riscv/sysroot/usr/lib/crt1.o
 .rela.text.nandwrite_main
                0x00000000000150f0        0x0 /opt/riscv/sysroot/usr/lib/crt1.o
 .rela.text.partprobe_main
                0x00000000000150f0        0x0 /opt/riscv/sysroot/usr/lib/crt1.o
 .rela.text.setfattr_main
                0x00000000000150f0        0x0 /opt/riscv/sysroot/usr/lib/crt1.o
 .rela.text.setserial_main
                0x00000000000150f0        0x0 /opt/riscv/sysroot/usr/lib/crt1.o
 .rela.text.strings_main
                0x00000000000150f0        0x0 /opt/riscv/sysroot/usr/lib/crt1.o
 .rela.text.time_main
                0x00000000000150f0        0x0 /opt/riscv/sysroot/usr/lib/crt1.o
 .rela.text.tree_print
                0x00000000000150f0        0x0 /opt/riscv/sysroot/usr/lib/crt1.o
 .rela.text.ts_main
                0x00000000000150f0        0x0 /opt/riscv/sysroot/usr/lib/crt1.o
 .rela.text.ubi_tools_main
                0x00000000000150f0        0x0 /opt/riscv/sysroot/usr/lib/crt1.o
 .rela.text.watchdog_main
                0x00000000000150f0        0x0 /opt/riscv/sysroot/usr/lib/crt1.o
 .rela.text.modinfo_main
                0x00000000000150f0        0x0 /opt/riscv/sysroot/usr/lib/crt1.o
 .rela.text.modprobe_main
                0x00000000000150f0        0x0 /opt/riscv/sysroot/usr/lib/crt1.o
 .rela.text.arp_main
                0x00000000000150f0        0x0 /opt/riscv/sysroot/usr/lib/crt1.o
 .rela.text.arping_main
                0x00000000000150f0        0x0 /opt/riscv/sysroot/usr/lib/crt1.o
 .rela.text.ether_wake_main
                0x00000000000150f0        0x0 /opt/riscv/sysroot/usr/lib/crt1.o
 .rela.text.cmdio_get_cmd_and_arg
                0x00000000000150f0        0x0 /opt/riscv/sysroot/usr/lib/crt1.o
 .rela.text.ftpd_main
                0x00000000000150f0        0x0 /opt/riscv/sysroot/usr/lib/crt1.o
 .rela.text.ftpgetput_main
                0x00000000000150f0        0x0 /opt/riscv/sysroot/usr/lib/crt1.o
 .rela.text.hostname_main
                0x00000000000150f0        0x0 /opt/riscv/sysroot/usr/lib/crt1.o
 .rela.text.ifenslave_main
                0x00000000000150f0        0x0 /opt/riscv/sysroot/usr/lib/crt1.o
 .rela.text.ifupdown_main
                0x00000000000150f0        0x0 /opt/riscv/sysroot/usr/lib/crt1.o
 .rela.text.inetd_main
                0x00000000000150f0        0x0 /opt/riscv/sysroot/usr/lib/crt1.o
 .rela.text.ipcalc_main
                0x00000000000150f0        0x0 /opt/riscv/sysroot/usr/lib/crt1.o
 .rela.text.fakeidentd_main
                0x00000000000150f0        0x0 /opt/riscv/sysroot/usr/lib/crt1.o
 .rela.text.nameif_main
                0x00000000000150f0        0x0 /opt/riscv/sysroot/usr/lib/crt1.o
 .rela.text.nbdclient_main
                0x00000000000150f0        0x0 /opt/riscv/sysroot/usr/lib/crt1.o
 .rela.text.catch
                0x00000000000150f0        0x0 /opt/riscv/sysroot/usr/lib/crt1.o
 .rela.text.readwrite
                0x00000000000150f0        0x0 /opt/riscv/sysroot/usr/lib/crt1.o
 .rela.text.dolisten
                0x00000000000150f0        0x0 /opt/riscv/sysroot/usr/lib/crt1.o
 .rela.text.nc_main
                0x00000000000150f0        0x0 /opt/riscv/sysroot/usr/lib/crt1.o
 .rela.text.unix_do_one
                0x00000000000150f0        0x0 /opt/riscv/sysroot/usr/lib/crt1.o
 .rela.text.common_ping_main.isra.0
                0x00000000000150f0        0x0 /opt/riscv/sysroot/usr/lib/crt1.o
 .rela.text.pscan_main
                0x00000000000150f0        0x0 /opt/riscv/sysroot/usr/lib/crt1.o
 .rela.text.route_main
                0x00000000000150f0        0x0 /opt/riscv/sysroot/usr/lib/crt1.o
 .rela.text.slattach_main
                0x00000000000150f0        0x0 /opt/riscv/sysroot/usr/lib/crt1.o
 .rela.text.tcpudpsvd_main
                0x00000000000150f0        0x0 /opt/riscv/sysroot/usr/lib/crt1.o
 .rela.text.telnet_main
                0x00000000000150f0        0x0 /opt/riscv/sysroot/usr/lib/crt1.o
 .rela.text.tftp_main
                0x00000000000150f0        0x0 /opt/riscv/sysroot/usr/lib/crt1.o
 .rela.text.tftpd_main
                0x00000000000150f0        0x0 /opt/riscv/sysroot/usr/lib/crt1.o
 .rela.text.bad_record_die
                0x00000000000150f0        0x0 /opt/riscv/sysroot/usr/lib/crt1.o
 .rela.text.traceroute_init
                0x00000000000150f0        0x0 /opt/riscv/sysroot/usr/lib/crt1.o
 .rela.text.fgets_trim_sanitize
                0x00000000000150f0        0x0 /opt/riscv/sysroot/usr/lib/crt1.o
 .rela.text.retrieve_file_data
                0x00000000000150f0        0x0 /opt/riscv/sysroot/usr/lib/crt1.o
 .rela.text.ftpcmd
                0x00000000000150f0        0x0 /opt/riscv/sysroot/usr/lib/crt1.o
 .rela.text.wget_main
                0x00000000000150f0        0x0 /opt/riscv/sysroot/usr/lib/crt1.o
 .rela.text.whois_main
                0x00000000000150f0        0x0 /opt/riscv/sysroot/usr/lib/crt1.o
 .rela.text.zcip_main
                0x00000000000150f0        0x0 /opt/riscv/sysroot/usr/lib/crt1.o
 .rela.text.ipaddr_modify
                0x00000000000150f0        0x0 /opt/riscv/sysroot/usr/lib/crt1.o
 .rela.text.print_route
                0x00000000000150f0        0x0 /opt/riscv/sysroot/usr/lib/crt1.o
 .rela.text.udhcpd_main
                0x00000000000150f0        0x0 /opt/riscv/sysroot/usr/lib/crt1.o
 .rela.text.lpqr_main
                0x00000000000150f0        0x0 /opt/riscv/sysroot/usr/lib/crt1.o
 .rela.text.fuser_main
                0x00000000000150f0        0x0 /opt/riscv/sysroot/usr/lib/crt1.o
 .rela.text.iostat_main
                0x00000000000150f0        0x0 /opt/riscv/sysroot/usr/lib/crt1.o
 .rela.text.mpstat_main
                0x00000000000150f0        0x0 /opt/riscv/sysroot/usr/lib/crt1.o
 .rela.text.nmeter_main
                0x00000000000150f0        0x0 /opt/riscv/sysroot/usr/lib/crt1.o
 .rela.text.pgrep_main
                0x00000000000150f0        0x0 /opt/riscv/sysroot/usr/lib/crt1.o
 .rela.text.pidof_main
                0x00000000000150f0        0x0 /opt/riscv/sysroot/usr/lib/crt1.o
 .rela.text.pmap_main
                0x00000000000150f0        0x0 /opt/riscv/sysroot/usr/lib/crt1.o
 .rela.text.powertop_main
                0x00000000000150f0        0x0 /opt/riscv/sysroot/usr/lib/crt1.o
 .rela.text.pstree_main
                0x00000000000150f0        0x0 /opt/riscv/sysroot/usr/lib/crt1.o
 .rela.text.pwdx_main
                0x00000000000150f0        0x0 /opt/riscv/sysroot/usr/lib/crt1.o
 .rela.text.sysctl_act_on_setting
                0x00000000000150f0        0x0 /opt/riscv/sysroot/usr/lib/crt1.o
 .rela.text.sysctl_main
                0x00000000000150f0        0x0 /opt/riscv/sysroot/usr/lib/crt1.o
 .rela.text.watch_main
                0x00000000000150f0        0x0 /opt/riscv/sysroot/usr/lib/crt1.o
 .rela.text.chpst_main
                0x00000000000150f0        0x0 /opt/riscv/sysroot/usr/lib/crt1.o
 .rela.text.runsvdir_main
                0x00000000000150f0        0x0 /opt/riscv/sysroot/usr/lib/crt1.o
 .rela.text.sv  0x00000000000150f0        0x0 /opt/riscv/sysroot/usr/lib/crt1.o
 .rela.text.svc_main
                0x00000000000150f0        0x0 /opt/riscv/sysroot/usr/lib/crt1.o
 .rela.text.logdir_open
                0x00000000000150f0        0x0 /opt/riscv/sysroot/usr/lib/crt1.o
 .rela.text.svlogd_main
                0x00000000000150f0        0x0 /opt/riscv/sysroot/usr/lib/crt1.o
 .rela.text.out2str
                0x00000000000150f0        0x0 /opt/riscv/sysroot/usr/lib/crt1.o
 .rela.text.ash_vmsg
                0x00000000000150f0        0x0 /opt/riscv/sysroot/usr/lib/crt1.o
 .rela.text.unaliascmd
                0x00000000000150f0        0x0 /opt/riscv/sysroot/usr/lib/crt1.o
 .rela.text.getjob
                0x00000000000150f0        0x0 /opt/riscv/sysroot/usr/lib/crt1.o
 .rela.text.aliascmd
                0x00000000000150f0        0x0 /opt/riscv/sysroot/usr/lib/crt1.o
 .rela.text.showjob
                0x00000000000150f0        0x0 /opt/riscv/sysroot/usr/lib/crt1.o
 .rela.text.helpcmd
                0x00000000000150f0        0x0 /opt/riscv/sysroot/usr/lib/crt1.o
 .rela.text.out1str
                0x00000000000150f0        0x0 /opt/riscv/sysroot/usr/lib/crt1.o
 .rela.text.fg_bgcmd
                0x00000000000150f0        0x0 /opt/riscv/sysroot/usr/lib/crt1.o
 .rela.text.getoptscmd
                0x00000000000150f0        0x0 /opt/riscv/sysroot/usr/lib/crt1.o
 .rela.text.init
                0x00000000000150f0        0x0 /opt/riscv/sysroot/usr/lib/crt1.o
 .rela.text.evalbltin
                0x00000000000150f0        0x0 /opt/riscv/sysroot/usr/lib/crt1.o
 .rela.text.cmdloop
                0x00000000000150f0        0x0 /opt/riscv/sysroot/usr/lib/crt1.o
 .rela.text.ash_main
                0x00000000000150f0        0x0 /opt/riscv/sysroot/usr/lib/crt1.o
 .rela.text.builtin_unset
                0x00000000000150f0        0x0 /opt/riscv/sysroot/usr/lib/crt1.o
 .rela.text.builtin_export
                0x00000000000150f0        0x0 /opt/riscv/sysroot/usr/lib/crt1.o
 .rela.text.builtin_getopts
                0x00000000000150f0        0x0 /opt/riscv/sysroot/usr/lib/crt1.o
 .rela.text.builtin_read
                0x00000000000150f0        0x0 /opt/riscv/sysroot/usr/lib/crt1.o
 .rela.text.hush_main
                0x00000000000150f0        0x0 /opt/riscv/sysroot/usr/lib/crt1.o
 .rela.text.shell_builtin_read
                0x00000000000150f0        0x0 /opt/riscv/sysroot/usr/lib/crt1.o
 .rela.text.shell_builtin_ulimit
                0x00000000000150f0        0x0 /opt/riscv/sysroot/usr/lib/crt1.o
 .rela.text.logger_main
                0x00000000000150f0        0x0 /opt/riscv/sysroot/usr/lib/crt1.o
 .rela.text.blkdiscard_main
                0x00000000000150f0        0x0 /opt/riscv/sysroot/usr/lib/crt1.o
 .rela.text.cal_main
                0x00000000000150f0        0x0 /opt/riscv/sysroot/usr/lib/crt1.o
 .rela.text.chrt_main
                0x00000000000150f0        0x0 /opt/riscv/sysroot/usr/lib/crt1.o
 .rela.text.eject_main
                0x00000000000150f0        0x0 /opt/riscv/sysroot/usr/lib/crt1.o
 .rela.text.fallocate_main
                0x00000000000150f0        0x0 /opt/riscv/sysroot/usr/lib/crt1.o
 .rela.text.fdformat_main
                0x00000000000150f0        0x0 /opt/riscv/sysroot/usr/lib/crt1.o
 .rela.text.fdisk_main
                0x00000000000150f0        0x0 /opt/riscv/sysroot/usr/lib/crt1.o
 .rela.text.flock_main
                0x00000000000150f0        0x0 /opt/riscv/sysroot/usr/lib/crt1.o
 .rela.text.fsck_minix_main
                0x00000000000150f0        0x0 /opt/riscv/sysroot/usr/lib/crt1.o
 .rela.text.fsfreeze_main
                0x00000000000150f0        0x0 /opt/riscv/sysroot/usr/lib/crt1.o
 .rela.text.fstrim_main
                0x00000000000150f0        0x0 /opt/riscv/sysroot/usr/lib/crt1.o
 .rela.text.generate_output
                0x00000000000150f0        0x0 /opt/riscv/sysroot/usr/lib/crt1.o
 .rela.text.getopt_main
                0x00000000000150f0        0x0 /opt/riscv/sysroot/usr/lib/crt1.o
 .rela.text.hexdump_main
                0x00000000000150f0        0x0 /opt/riscv/sysroot/usr/lib/crt1.o
 .rela.text.xxd_main
                0x00000000000150f0        0x0 /opt/riscv/sysroot/usr/lib/crt1.o
 .rela.text.ionice_main
                0x00000000000150f0        0x0 /opt/riscv/sysroot/usr/lib/crt1.o
 .rela.text.ipcrm_main
                0x00000000000150f0        0x0 /opt/riscv/sysroot/usr/lib/crt1.o
 .rela.text.last_main
                0x00000000000150f0        0x0 /opt/riscv/sysroot/usr/lib/crt1.o
 .rela.text.losetup_main
                0x00000000000150f0        0x0 /opt/riscv/sysroot/usr/lib/crt1.o
 .rela.text.mkfs_ext2_main
                0x00000000000150f0        0x0 /opt/riscv/sysroot/usr/lib/crt1.o
 .rela.text.mkfs_minix_main
                0x00000000000150f0        0x0 /opt/riscv/sysroot/usr/lib/crt1.o
 .rela.text.mkfs_vfat_main
                0x00000000000150f0        0x0 /opt/riscv/sysroot/usr/lib/crt1.o
 .rela.text.mkswap_main
                0x00000000000150f0        0x0 /opt/riscv/sysroot/usr/lib/crt1.o
 .rela.text.more_main
                0x00000000000150f0        0x0 /opt/riscv/sysroot/usr/lib/crt1.o
 .rela.text.mount_main
                0x00000000000150f0        0x0 /opt/riscv/sysroot/usr/lib/crt1.o
 .rela.text.mountpoint_main
                0x00000000000150f0        0x0 /opt/riscv/sysroot/usr/lib/crt1.o
 .rela.text.nsenter_main
                0x00000000000150f0        0x0 /opt/riscv/sysroot/usr/lib/crt1.o
 .rela.text.rdate_main
                0x00000000000150f0        0x0 /opt/riscv/sysroot/usr/lib/crt1.o
 .rela.text.rev_main
                0x00000000000150f0        0x0 /opt/riscv/sysroot/usr/lib/crt1.o
 .rela.text.script_main
                0x00000000000150f0        0x0 /opt/riscv/sysroot/usr/lib/crt1.o
 .rela.text.setarch_main
                0x00000000000150f0        0x0 /opt/riscv/sysroot/usr/lib/crt1.o
 .rela.text.setpriv_main
                0x00000000000150f0        0x0 /opt/riscv/sysroot/usr/lib/crt1.o
 .rela.text.setsid_main
                0x00000000000150f0        0x0 /opt/riscv/sysroot/usr/lib/crt1.o
 .rela.text.swap_on_off_main
                0x00000000000150f0        0x0 /opt/riscv/sysroot/usr/lib/crt1.o
 .rela.text.switch_root_main
                0x00000000000150f0        0x0 /opt/riscv/sysroot/usr/lib/crt1.o
 .rela.text.taskset_main
                0x00000000000150f0        0x0 /opt/riscv/sysroot/usr/lib/crt1.o
 .rela.text.umount_main
                0x00000000000150f0        0x0 /opt/riscv/sysroot/usr/lib/crt1.o
 .rela.text.unshare_main
                0x00000000000150f0        0x0 /opt/riscv/sysroot/usr/lib/crt1.o
 .rela.text.bbunpack
                0x00000000000150f0        0x0 /opt/riscv/sysroot/usr/lib/crt1.o
 .rela.text.gunzip_main
                0x00000000000150f0        0x0 /opt/riscv/sysroot/usr/lib/crt1.o
 .rela.text.bunzip2_main
                0x00000000000150f0        0x0 /opt/riscv/sysroot/usr/lib/crt1.o
 .rela.text.unlzma_main
                0x00000000000150f0        0x0 /opt/riscv/sysroot/usr/lib/crt1.o
 .rela.text.unxz_main
                0x00000000000150f0        0x0 /opt/riscv/sysroot/usr/lib/crt1.o
 .rela.text.bzip2_main
                0x00000000000150f0        0x0 /opt/riscv/sysroot/usr/lib/crt1.o
 .rela.text.cpio_o
                0x00000000000150f0        0x0 /opt/riscv/sysroot/usr/lib/crt1.o
 .rela.text.cpio_main
                0x00000000000150f0        0x0 /opt/riscv/sysroot/usr/lib/crt1.o
 .rela.text.dpkg_main
                0x00000000000150f0        0x0 /opt/riscv/sysroot/usr/lib/crt1.o
 .rela.text.dpkg_deb_main
                0x00000000000150f0        0x0 /opt/riscv/sysroot/usr/lib/crt1.o
 .rela.text.gzip_main
                0x00000000000150f0        0x0 /opt/riscv/sysroot/usr/lib/crt1.o
 .rela.text.lzop_main
                0x00000000000150f0        0x0 /opt/riscv/sysroot/usr/lib/crt1.o
 .rela.text.rpm_main
                0x00000000000150f0        0x0 /opt/riscv/sysroot/usr/lib/crt1.o
 .rela.text.writeTarHeader
                0x00000000000150f0        0x0 /opt/riscv/sysroot/usr/lib/crt1.o
 .rela.text.tar_main
                0x00000000000150f0        0x0 /opt/riscv/sysroot/usr/lib/crt1.o
 .rela.text.my_fgets80
                0x00000000000150f0        0x0 /opt/riscv/sysroot/usr/lib/crt1.o
 .rela.text.unzip_main
                0x00000000000150f0        0x0 /opt/riscv/sysroot/usr/lib/crt1.o
 .rela.text.create_links_from_list
                0x00000000000150f0        0x0 /opt/riscv/sysroot/usr/lib/crt1.o
 .rela.text.setfont_main
                0x00000000000150f0        0x0 /opt/riscv/sysroot/usr/lib/crt1.o
 .rela.text.openvt_main
                0x00000000000150f0        0x0 /opt/riscv/sysroot/usr/lib/crt1.o
 .rela.text.resize_main
                0x00000000000150f0        0x0 /opt/riscv/sysroot/usr/lib/crt1.o
 .rela.text.basename_main
                0x00000000000150f0        0x0 /opt/riscv/sysroot/usr/lib/crt1.o
 .rela.text.cat_main
                0x00000000000150f0        0x0 /opt/riscv/sysroot/usr/lib/crt1.o
 .rela.text.chmod_main
                0x00000000000150f0        0x0 /opt/riscv/sysroot/usr/lib/crt1.o
 .rela.text.chown_main
                0x00000000000150f0        0x0 /opt/riscv/sysroot/usr/lib/crt1.o
 .rela.text.cksum_main
                0x00000000000150f0        0x0 /opt/riscv/sysroot/usr/lib/crt1.o
 .rela.text.comm_main
                0x00000000000150f0        0x0 /opt/riscv/sysroot/usr/lib/crt1.o
 .rela.text.cp_main
                0x00000000000150f0        0x0 /opt/riscv/sysroot/usr/lib/crt1.o
 .rela.text.cut_main
                0x00000000000150f0        0x0 /opt/riscv/sysroot/usr/lib/crt1.o
 .rela.text.date_main
                0x00000000000150f0        0x0 /opt/riscv/sysroot/usr/lib/crt1.o
 .rela.text.dd_output_status
                0x00000000000150f0        0x0 /opt/riscv/sysroot/usr/lib/crt1.o
 .rela.text.df_main
                0x00000000000150f0        0x0 /opt/riscv/sysroot/usr/lib/crt1.o
 .rela.text.dos2unix_main
                0x00000000000150f0        0x0 /opt/riscv/sysroot/usr/lib/crt1.o
 .rela.text.du_main
                0x00000000000150f0        0x0 /opt/riscv/sysroot/usr/lib/crt1.o
 .rela.text.env_main
                0x00000000000150f0        0x0 /opt/riscv/sysroot/usr/lib/crt1.o
 .rela.text.expand_main
                0x00000000000150f0        0x0 /opt/riscv/sysroot/usr/lib/crt1.o
 .rela.text.factor_main
                0x00000000000150f0        0x0 /opt/riscv/sysroot/usr/lib/crt1.o
 .rela.text.write2stdout
                0x00000000000150f0        0x0 /opt/riscv/sysroot/usr/lib/crt1.o
 .rela.text.fold_main
                0x00000000000150f0        0x0 /opt/riscv/sysroot/usr/lib/crt1.o
 .rela.text.head_main
                0x00000000000150f0        0x0 /opt/riscv/sysroot/usr/lib/crt1.o
 .rela.text.id_main
                0x00000000000150f0        0x0 /opt/riscv/sysroot/usr/lib/crt1.o
 .rela.text.install_main
                0x00000000000150f0        0x0 /opt/riscv/sysroot/usr/lib/crt1.o
 .rela.text.link_main
                0x00000000000150f0        0x0 /opt/riscv/sysroot/usr/lib/crt1.o
 .rela.text.ln_main
                0x00000000000150f0        0x0 /opt/riscv/sysroot/usr/lib/crt1.o
 .rela.text.ls_main
                0x00000000000150f0        0x0 /opt/riscv/sysroot/usr/lib/crt1.o
 .rela.text.md5_sha1_sum_main
                0x00000000000150f0        0x0 /opt/riscv/sysroot/usr/lib/crt1.o
 .rela.text.mkdir_main
                0x00000000000150f0        0x0 /opt/riscv/sysroot/usr/lib/crt1.o
 .rela.text.mkfifo_main
                0x00000000000150f0        0x0 /opt/riscv/sysroot/usr/lib/crt1.o
 .rela.text.mknod_main
                0x00000000000150f0        0x0 /opt/riscv/sysroot/usr/lib/crt1.o
 .rela.text.mktemp_main
                0x00000000000150f0        0x0 /opt/riscv/sysroot/usr/lib/crt1.o
 .rela.text.mv_main
                0x00000000000150f0        0x0 /opt/riscv/sysroot/usr/lib/crt1.o
 .rela.text.nl_main
                0x00000000000150f0        0x0 /opt/riscv/sysroot/usr/lib/crt1.o
 .rela.text.check_and_close
                0x00000000000150f0        0x0 /opt/riscv/sysroot/usr/lib/crt1.o
 .rela.text.od_main
                0x00000000000150f0        0x0 /opt/riscv/sysroot/usr/lib/crt1.o
 .rela.text.paste_main
                0x00000000000150f0        0x0 /opt/riscv/sysroot/usr/lib/crt1.o
 .rela.text.printenv_main
                0x00000000000150f0        0x0 /opt/riscv/sysroot/usr/lib/crt1.o
 .rela.text.readlink_main
                0x00000000000150f0        0x0 /opt/riscv/sysroot/usr/lib/crt1.o
 .rela.text.rm_main
                0x00000000000150f0        0x0 /opt/riscv/sysroot/usr/lib/crt1.o
 .rela.text.rmdir_main
                0x00000000000150f0        0x0 /opt/riscv/sysroot/usr/lib/crt1.o
 .rela.text.seq_main
                0x00000000000150f0        0x0 /opt/riscv/sysroot/usr/lib/crt1.o
 .rela.text.shred_main
                0x00000000000150f0        0x0 /opt/riscv/sysroot/usr/lib/crt1.o
 .rela.text.shuf_main
                0x00000000000150f0        0x0 /opt/riscv/sysroot/usr/lib/crt1.o
 .rela.text.sort_main
                0x00000000000150f0        0x0 /opt/riscv/sysroot/usr/lib/crt1.o
 .rela.text.split_main
                0x00000000000150f0        0x0 /opt/riscv/sysroot/usr/lib/crt1.o
 .rela.text.do_stat
                0x00000000000150f0        0x0 /opt/riscv/sysroot/usr/lib/crt1.o
 .rela.text.stat_main
                0x00000000000150f0        0x0 /opt/riscv/sysroot/usr/lib/crt1.o
 .rela.text.sum_main
                0x00000000000150f0        0x0 /opt/riscv/sysroot/usr/lib/crt1.o
 .rela.text.sync_main
                0x00000000000150f0        0x0 /opt/riscv/sysroot/usr/lib/crt1.o
 .rela.text.fsync_main
                0x00000000000150f0        0x0 /opt/riscv/sysroot/usr/lib/crt1.o
 .rela.text.tac_main
                0x00000000000150f0        0x0 /opt/riscv/sysroot/usr/lib/crt1.o
 .rela.text.tail_main
                0x00000000000150f0        0x0 /opt/riscv/sysroot/usr/lib/crt1.o
 .rela.text.tee_main
                0x00000000000150f0        0x0 /opt/riscv/sysroot/usr/lib/crt1.o
 .rela.text.timeout_main
                0x00000000000150f0        0x0 /opt/riscv/sysroot/usr/lib/crt1.o
 .rela.text.touch_main
                0x00000000000150f0        0x0 /opt/riscv/sysroot/usr/lib/crt1.o
 .rela.text.tr_main
                0x00000000000150f0        0x0 /opt/riscv/sysroot/usr/lib/crt1.o
 .rela.text.truncate_main
                0x00000000000150f0        0x0 /opt/riscv/sysroot/usr/lib/crt1.o
 .rela.text.tsort_main
                0x00000000000150f0        0x0 /opt/riscv/sysroot/usr/lib/crt1.o
 .rela.text.tty_main
                0x00000000000150f0        0x0 /opt/riscv/sysroot/usr/lib/crt1.o
 .rela.text.uname_main
                0x00000000000150f0        0x0 /opt/riscv/sysroot/usr/lib/crt1.o
 .rela.text.uniq_main
                0x00000000000150f0        0x0 /opt/riscv/sysroot/usr/lib/crt1.o
 .rela.text.unlink_main
                0x00000000000150f0        0x0 /opt/riscv/sysroot/usr/lib/crt1.o
 .rela.text.uudecode_main
                0x00000000000150f0        0x0 /opt/riscv/sysroot/usr/lib/crt1.o
 .rela.text.baseNUM_main
                0x00000000000150f0        0x0 /opt/riscv/sysroot/usr/lib/crt1.o
 .rela.text.uuencode_main
                0x00000000000150f0        0x0 /opt/riscv/sysroot/usr/lib/crt1.o
 .rela.text.wc_main
                0x00000000000150f0        0x0 /opt/riscv/sysroot/usr/lib/crt1.o
 .rela.text.cp_mv_stat
                0x00000000000150f0        0x0 /opt/riscv/sysroot/usr/lib/crt1.o
 .rela.text.run_parts_main
                0x00000000000150f0        0x0 /opt/riscv/sysroot/usr/lib/crt1.o
 .rela.text.start_stop_daemon_main
                0x00000000000150f0        0x0 /opt/riscv/sysroot/usr/lib/crt1.o
 .rela.text.which_main
                0x00000000000150f0        0x0 /opt/riscv/sysroot/usr/lib/crt1.o
 .rela.text.print_e2flags_long
                0x00000000000150f0        0x0 /opt/riscv/sysroot/usr/lib/crt1.o
 .rela.text.fsck_main
                0x00000000000150f0        0x0 /opt/riscv/sysroot/usr/lib/crt1.o
 .rela.text.lsattr_main
                0x00000000000150f0        0x0 /opt/riscv/sysroot/usr/lib/crt1.o
 .rela.text.next_input_file
                0x00000000000150f0        0x0 /opt/riscv/sysroot/usr/lib/crt1.o
 .rela.text.evaluate
                0x00000000000150f0        0x0 /opt/riscv/sysroot/usr/lib/crt1.o
 .rela.text.awk_main
                0x00000000000150f0        0x0 /opt/riscv/sysroot/usr/lib/crt1.o
 .rela.text.cmp_main
                0x00000000000150f0        0x0 /opt/riscv/sysroot/usr/lib/crt1.o
 .rela.text.diffreg
                0x00000000000150f0        0x0 /opt/riscv/sysroot/usr/lib/crt1.o
 .rela.text.diff_main
                0x00000000000150f0        0x0 /opt/riscv/sysroot/usr/lib/crt1.o
 .rela.text.printLines.isra.0
                0x00000000000150f0        0x0 /opt/riscv/sysroot/usr/lib/crt1.o
 .rela.text.ed_main
                0x00000000000150f0        0x0 /opt/riscv/sysroot/usr/lib/crt1.o
 .rela.text.patch_main
                0x00000000000150f0        0x0 /opt/riscv/sysroot/usr/lib/crt1.o
 .rela.text.get_next_line
                0x00000000000150f0        0x0 /opt/riscv/sysroot/usr/lib/crt1.o
 .rela.text.sed_main
                0x00000000000150f0        0x0 /opt/riscv/sysroot/usr/lib/crt1.o
 .rela.text.refresh
                0x00000000000150f0        0x0 /opt/riscv/sysroot/usr/lib/crt1.o
 .rela.text.colon
                0x00000000000150f0        0x0 /opt/riscv/sysroot/usr/lib/crt1.o
 .rela.text.do_cmd
                0x00000000000150f0        0x0 /opt/riscv/sysroot/usr/lib/crt1.o
 .rela.text.vi_main
                0x00000000000150f0        0x0 /opt/riscv/sysroot/usr/lib/crt1.o
 .rela.text.grep_main
                0x00000000000150f0        0x0 /opt/riscv/sysroot/usr/lib/crt1.o
 .rela.text.xargs_main
                0x00000000000150f0        0x0 /opt/riscv/sysroot/usr/lib/crt1.o
 .rela.text.bb_ask_y_confirmation
                0x00000000000150f0        0x0 /opt/riscv/sysroot/usr/lib/crt1.o
 .rela.text.ask_and_unlink
                0x00000000000150f0        0x0 /opt/riscv/sysroot/usr/lib/crt1.o
 .rela.text.copy_file
                0x00000000000150f0        0x0 /opt/riscv/sysroot/usr/lib/crt1.o
 .rela.text.next
                0x00000000000150f0        0x0 /opt/riscv/sysroot/usr/lib/crt1.o
 .rela.text.display
                0x00000000000150f0        0x0 /opt/riscv/sysroot/usr/lib/crt1.o
 .rela.text.fclose_if_not_stdin
                0x00000000000150f0        0x0 /opt/riscv/sysroot/usr/lib/crt1.o
 .rela.text.fflush_stdout_and_exit
                0x00000000000150f0        0x0 /opt/riscv/sysroot/usr/lib/crt1.o
 .rela.text.vgetopt32
                0x00000000000150f0        0x0 /opt/riscv/sysroot/usr/lib/crt1.o
 .rela.text.read_line_input
                0x00000000000150f0        0x0 /opt/riscv/sysroot/usr/lib/crt1.o
 .rela.text.bb_progress_update
                0x00000000000150f0        0x0 /opt/riscv/sysroot/usr/lib/crt1.o
 .rela.text.recursive_action1
                0x00000000000150f0        0x0 /opt/riscv/sysroot/usr/lib/crt1.o
 .rela.text.remove_file
                0x00000000000150f0        0x0 /opt/riscv/sysroot/usr/lib/crt1.o
 .rela.text.fopen_or_warn_stdin
                0x00000000000150f0        0x0 /opt/riscv/sysroot/usr/lib/crt1.o
 .rela.text.get_sock_lsa
                0x00000000000150f0        0x0 /opt/riscv/sysroot/usr/lib/crt1.o
 .rela.text.get_peer_lsa
                0x00000000000150f0        0x0 /opt/riscv/sysroot/usr/lib/crt1.o
 *(SORT_BY_ALIGNMENT(.rela.fini))
 *(SORT_BY_ALIGNMENT(.rela.rodata) SORT_BY_ALIGNMENT(.rela.rodata.*) SORT_BY_ALIGNMENT(.rela.gnu.linkonce.r.*))
 *(SORT_BY_ALIGNMENT(.rela.data) SORT_BY_ALIGNMENT(.rela.data.*) SORT_BY_ALIGNMENT(.rela.gnu.linkonce.d.*))
 .rela.data.rel.ro
                0x00000000000150f0        0x0 /opt/riscv/sysroot/usr/lib/crt1.o
 *(SORT_BY_ALIGNMENT(.rela.tdata) SORT_BY_ALIGNMENT(.rela.tdata.*) SORT_BY_ALIGNMENT(.rela.gnu.linkonce.td.*))
 *(SORT_BY_ALIGNMENT(.rela.tbss) SORT_BY_ALIGNMENT(.rela.tbss.*) SORT_BY_ALIGNMENT(.rela.gnu.linkonce.tb.*))
 *(SORT_BY_ALIGNMENT(.rela.ctors))
 *(SORT_BY_ALIGNMENT(.rela.dtors))
 *(SORT_BY_ALIGNMENT(.rela.got))
 .rela.got      0x00000000000150f0        0x0 /opt/riscv/sysroot/usr/lib/crt1.o
 *(SORT_BY_ALIGNMENT(.rela.sdata) SORT_BY_ALIGNMENT(.rela.sdata.*) SORT_BY_ALIGNMENT(.rela.gnu.linkonce.s.*))
 *(SORT_BY_ALIGNMENT(.rela.sbss) SORT_BY_ALIGNMENT(.rela.sbss.*) SORT_BY_ALIGNMENT(.rela.gnu.linkonce.sb.*))
 *(SORT_BY_ALIGNMENT(.rela.sdata2) SORT_BY_ALIGNMENT(.rela.sdata2.*) SORT_BY_ALIGNMENT(.rela.gnu.linkonce.s2.*))
 *(SORT_BY_ALIGNMENT(.rela.sbss2) SORT_BY_ALIGNMENT(.rela.sbss2.*) SORT_BY_ALIGNMENT(.rela.gnu.linkonce.sb2.*))
 *(SORT_BY_ALIGNMENT(.rela.bss) SORT_BY_ALIGNMENT(.rela.bss.*) SORT_BY_ALIGNMENT(.rela.gnu.linkonce.b.*))
 .rela.bss      0x00000000000150f0       0xc0 /opt/riscv/sysroot/usr/lib/crt1.o
 *(SORT_BY_ALIGNMENT(.rela.ifunc))

.rela.plt       0x00000000000151b0     0x2478
 *(SORT_BY_ALIGNMENT(.rela.plt))
 .rela.plt      0x00000000000151b0     0x2478 /opt/riscv/sysroot/usr/lib/crt1.o
                [!provide]                        PROVIDE (__rela_iplt_start = .)
 *(SORT_BY_ALIGNMENT(.rela.iplt))
                [!provide]                        PROVIDE (__rela_iplt_end = .)

.init
 *(SORT_NONE(.init))

.plt            0x0000000000017630     0x1870
 *(SORT_BY_ALIGNMENT(.plt))
 .plt           0x0000000000017630     0x1870 /opt/riscv/sysroot/usr/lib/crt1.o
                0x0000000000017630                _PROCEDURE_LINKAGE_TABLE_
                0x0000000000017650                getservbyname@@GLIBC_2.27
                0x0000000000017660                unshare@@GLIBC_2.27
                0x0000000000017670                strptime@@GLIBC_2.27
                0x0000000000017680                settimeofday@@GLIBC_2.27
                0x0000000000017690                statfs64@@GLIBC_2.27
                0x00000000000176a0                freopen64@@GLIBC_2.27
                0x00000000000176b0                setgid@@GLIBC_2.27
                0x00000000000176c0                sched_get_priority_max@@GLIBC_2.27
                0x00000000000176d0                tcflush@@GLIBC_2.27
                0x00000000000176e0                getsockname@@GLIBC_2.27
                0x00000000000176f0                unlockpt@@GLIBC_2.27
                0x0000000000017700                srand@@GLIBC_2.27
                0x0000000000017710                fseeko64@@GLIBC_2.27
                0x0000000000017720                putchar_unlocked@@GLIBC_2.27
                0x0000000000017730                strncmp@@GLIBC_2.27
                0x0000000000017740                setresuid@@GLIBC_2.27
                0x0000000000017750                setpgid@@GLIBC_2.27
                0x0000000000017760                ns_initparse@@GLIBC_2.27
                0x0000000000017770                sethostname@@GLIBC_2.27
                0x0000000000017780                ferror_unlocked@@GLIBC_2.27
                0x0000000000017790                adjtimex@@GLIBC_2.27
                0x00000000000177a0                sigisemptyset@@GLIBC_2.27
                0x00000000000177b0                inet_pton@@GLIBC_2.27
                0x00000000000177c0                usleep@@GLIBC_2.27
                0x00000000000177d0                cos@@GLIBC_2.27
                0x00000000000177e0                accept@@GLIBC_2.27
                0x00000000000177f0                clock_settime@@GLIBC_2.27
                0x0000000000017800                sigismember@@GLIBC_2.27
                0x0000000000017810                strverscmp@@GLIBC_2.27
                0x0000000000017820                hasmntopt@@GLIBC_2.27
                0x0000000000017830                getgid@@GLIBC_2.27
                0x0000000000017840                getrlimit64@@GLIBC_2.27
                0x0000000000017850                sysconf@@GLIBC_2.27
                0x0000000000017860                ns_name_uncompress@@GLIBC_2.34
                0x0000000000017870                pipe@@GLIBC_2.27
                0x0000000000017880                recvfrom@@GLIBC_2.27
                0x0000000000017890                getresuid@@GLIBC_2.27
                0x00000000000178a0                ether_aton_r@@GLIBC_2.27
                0x00000000000178b0                mkdtemp@@GLIBC_2.27
                0x00000000000178c0                unsetenv@@GLIBC_2.27
                0x00000000000178d0                rename@@GLIBC_2.27
                0x00000000000178e0                utimes@@GLIBC_2.27
                0x00000000000178f0                getuid@@GLIBC_2.27
                0x0000000000017900                strlen@@GLIBC_2.27
                0x0000000000017910                realpath@@GLIBC_2.27
                0x0000000000017920                recvmsg@@GLIBC_2.27
                0x0000000000017930                malloc@@GLIBC_2.27
                0x0000000000017940                tzset@@GLIBC_2.27
                0x0000000000017950                readdir64@@GLIBC_2.27
                0x0000000000017960                sched_setaffinity@@GLIBC_2.27
                0x0000000000017970                setresgid@@GLIBC_2.27
                0x0000000000017980                regfree@@GLIBC_2.27
                0x0000000000017990                sigaddset@@GLIBC_2.27
                0x00000000000179a0                __libc_current_sigrtmin@@GLIBC_2.27
                0x00000000000179b0                gettimeofday@@GLIBC_2.27
                0x00000000000179c0                sysinfo@@GLIBC_2.27
                0x00000000000179d0                getutxent@@GLIBC_2.27
                0x00000000000179e0                ftello64@@GLIBC_2.27
                0x00000000000179f0                regcomp@@GLIBC_2.27
                0x0000000000017a00                cfsetospeed@@GLIBC_2.27
                0x0000000000017a10                globfree64@@GLIBC_2.27
                0x0000000000017a20                msgget@@GLIBC_2.27
                0x0000000000017a30                shmget@@GLIBC_2.27
                0x0000000000017a40                __errno_location@@GLIBC_2.27
                0x0000000000017a50                strspn@@GLIBC_2.27
                0x0000000000017a60                reboot@@GLIBC_2.27
                0x0000000000017a70                freeaddrinfo@@GLIBC_2.27
                0x0000000000017a80                shmctl@@GLIBC_2.27
                0x0000000000017a90                getresgid@@GLIBC_2.27
                0x0000000000017aa0                getopt@@GLIBC_2.27
                0x0000000000017ab0                swapoff@@GLIBC_2.27
                0x0000000000017ac0                fdatasync@@GLIBC_2.27
                0x0000000000017ad0                ns_parserr@@GLIBC_2.27
                0x0000000000017ae0                access@@GLIBC_2.27
                0x0000000000017af0                gethostid@@GLIBC_2.27
                0x0000000000017b00                regexec@@GLIBC_2.27
                0x0000000000017b10                exit@@GLIBC_2.27
                0x0000000000017b20                fflush@@GLIBC_2.27
                0x0000000000017b30                execle@@GLIBC_2.27
                0x0000000000017b40                syncfs@@GLIBC_2.27
                0x0000000000017b50                posix_fallocate64@@GLIBC_2.27
                0x0000000000017b60                __sigsetjmp@@GLIBC_2.27
                0x0000000000017b70                semctl@@GLIBC_2.27
                0x0000000000017b80                setsockopt@@GLIBC_2.27
                0x0000000000017b90                res_mkquery@@GLIBC_2.34
                0x0000000000017ba0                sendto@@GLIBC_2.27
                0x0000000000017bb0                strndup@@GLIBC_2.27
                0x0000000000017bc0                sprintf@@GLIBC_2.27
                0x0000000000017bd0                qsort@@GLIBC_2.27
                0x0000000000017be0                acct@@GLIBC_2.27
                0x0000000000017bf0                clock_gettime@@GLIBC_2.27
                0x0000000000017c00                stpncpy@@GLIBC_2.27
                0x0000000000017c10                rmdir@@GLIBC_2.27
                0x0000000000017c20                socketpair@@GLIBC_2.27
                0x0000000000017c30                sigsuspend@@GLIBC_2.27
                0x0000000000017c40                strstr@@GLIBC_2.27
                0x0000000000017c50                __isoc23_fscanf@@GLIBC_2.38
                0x0000000000017c60                vprintf@@GLIBC_2.27
                0x0000000000017c70                times@@GLIBC_2.27
                0x0000000000017c80                endutxent@@GLIBC_2.27
                0x0000000000017c90                sigdelset@@GLIBC_2.27
                0x0000000000017ca0                execl@@GLIBC_2.27
                0x0000000000017cb0                fnmatch@@GLIBC_2.27
                0x0000000000017cc0                unlink@@GLIBC_2.27
                0x0000000000017cd0                atof@@GLIBC_2.27
                0x0000000000017ce0                tcsendbreak@@GLIBC_2.27
                0x0000000000017cf0                gnu_dev_makedev@@GLIBC_2.27
                0x0000000000017d00                sched_getparam@@GLIBC_2.27
                0x0000000000017d10                chroot@@GLIBC_2.27
                0x0000000000017d20                strcpy@@GLIBC_2.27
                0x0000000000017d30                personality@@GLIBC_2.27
                0x0000000000017d40                sched_getaffinity@@GLIBC_2.27
                0x0000000000017d50                strsignal@@GLIBC_2.27
                0x0000000000017d60                stpcpy@@GLIBC_2.27
                0x0000000000017d70                putenv@@GLIBC_2.27
                0x0000000000017d80                tcgetattr@@GLIBC_2.27
                0x0000000000017d90                mlock@@GLIBC_2.27
                0x0000000000017da0                getmntent_r@@GLIBC_2.27
                0x0000000000017db0                readlink@@GLIBC_2.27
                0x0000000000017dc0                strncpy@@GLIBC_2.27
                0x0000000000017dd0                mktime@@GLIBC_2.27
                0x0000000000017de0                swapon@@GLIBC_2.27
                0x0000000000017df0                gmtime_r@@GLIBC_2.27
                0x0000000000017e00                nice@@GLIBC_2.27
                0x0000000000017e10                strchrnul@@GLIBC_2.27
                0x0000000000017e20                timegm@@GLIBC_2.27
                0x0000000000017e30                connect@@GLIBC_2.27
                0x0000000000017e40                chown@@GLIBC_2.27
                0x0000000000017e50                vfprintf@@GLIBC_2.27
                0x0000000000017e60                getlogin_r@@GLIBC_2.27
                0x0000000000017e70                sched_getscheduler@@GLIBC_2.27
                0x0000000000017e80                fputc_unlocked@@GLIBC_2.27
                0x0000000000017e90                getservbyport@@GLIBC_2.27
                0x0000000000017ea0                setrlimit64@@GLIBC_2.27
                0x0000000000017eb0                raise@@GLIBC_2.27
                0x0000000000017ec0                strnlen@@GLIBC_2.27
                0x0000000000017ed0                ns_get32@@GLIBC_2.27
                0x0000000000017ee0                ttyname_r@@GLIBC_2.27
                0x0000000000017ef0                removexattr@@GLIBC_2.27
                0x0000000000017f00                inet_ntop@@GLIBC_2.27
                0x0000000000017f10                vasprintf@@GLIBC_2.27
                0x0000000000017f20                inet_ntoa@@GLIBC_2.27
                0x0000000000017f30                link@@GLIBC_2.27
                0x0000000000017f40                snprintf@@GLIBC_2.27
                0x0000000000017f50                dirname@@GLIBC_2.27
                0x0000000000017f60                stat64@@GLIBC_2.33
                0x0000000000017f70                closedir@@GLIBC_2.27
                0x0000000000017f80                shmat@@GLIBC_2.27
                0x0000000000017f90                waitpid@@GLIBC_2.27
                0x0000000000017fa0                dup2@@GLIBC_2.27
                0x0000000000017fb0                getpagesize@@GLIBC_2.27
                0x0000000000017fc0                cfgetispeed@@GLIBC_2.27
                0x0000000000017fd0                lremovexattr@@GLIBC_2.27
                0x0000000000017fe0                lsetxattr@@GLIBC_2.27
                0x0000000000017ff0                fchown@@GLIBC_2.27
                0x0000000000018000                isatty@@GLIBC_2.27
                0x0000000000018010                alarm@@GLIBC_2.27
                0x0000000000018020                rand@@GLIBC_2.27
                0x0000000000018030                memcpy@@GLIBC_2.27
                0x0000000000018040                syslog@@GLIBC_2.27
                0x0000000000018050                listen@@GLIBC_2.27
                0x0000000000018060                div@@GLIBC_2.27
                0x0000000000018070                socket@@GLIBC_2.27
                0x0000000000018080                getpid@@GLIBC_2.27
                0x0000000000018090                sched_setscheduler@@GLIBC_2.27
                0x00000000000180a0                fsync@@GLIBC_2.27
                0x00000000000180b0                strcmp@@GLIBC_2.27
                0x00000000000180c0                atoll@@GLIBC_2.27
                0x00000000000180d0                setgroups@@GLIBC_2.27
                0x00000000000180e0                seteuid@@GLIBC_2.27
                0x00000000000180f0                fclose@@GLIBC_2.27
                0x0000000000018100                fgets_unlocked@@GLIBC_2.27
                0x0000000000018110                kill@@GLIBC_2.27
                0x0000000000018120                strerror@@GLIBC_2.27
                0x0000000000018130                sync@@GLIBC_2.27
                0x0000000000018140                pow@@GLIBC_2.27
                0x0000000000018150                localtime@@GLIBC_2.27
                0x0000000000018160                utmpxname@@GLIBC_2.27
                0x0000000000018170                puts@@GLIBC_2.27
                0x0000000000018180                memcmp@@GLIBC_2.27
                0x0000000000018190                msgctl@@GLIBC_2.27
                0x00000000000181a0                getc_unlocked@@GLIBC_2.27
                0x00000000000181b0                __libc_current_sigrtmax@@GLIBC_2.27
                0x00000000000181c0                sigfillset@@GLIBC_2.27
                0x00000000000181d0                tcgetsid@@GLIBC_2.27
                0x00000000000181e0                strftime@@GLIBC_2.27
                0x00000000000181f0                setvbuf@@GLIBC_2.27
                0x0000000000018200                getsid@@GLIBC_2.27
                0x0000000000018210                strtod@@GLIBC_2.27
                0x0000000000018220                closelog@@GLIBC_2.27
                0x0000000000018230                close@@GLIBC_2.27
                0x0000000000018240                setpgrp@@GLIBC_2.27
                0x0000000000018250                poll@@GLIBC_2.27
                0x0000000000018260                fputs@@GLIBC_2.27
                0x0000000000018270                atoi@@GLIBC_2.27
                0x0000000000018280                gnu_dev_major@@GLIBC_2.27
                0x0000000000018290                putc_unlocked@@GLIBC_2.27
                0x00000000000182a0                fdopen@@GLIBC_2.27
                0x00000000000182b0                getsockopt@@GLIBC_2.27
                0x00000000000182c0                wait3@@GLIBC_2.27
                0x00000000000182d0                cfsetispeed@@GLIBC_2.27
                0x00000000000182e0                _exit@@GLIBC_2.27
                0x00000000000182f0                lseek64@@GLIBC_2.27
                0x0000000000018300                cfmakeraw@@GLIBC_2.27
                0x0000000000018310                strpbrk@@GLIBC_2.27
                0x0000000000018320                mknod@@GLIBC_2.33
                0x0000000000018330                strcasecmp@@GLIBC_2.27
                0x0000000000018340                popen@@GLIBC_2.27
                0x0000000000018350                fstat64@@GLIBC_2.33
                0x0000000000018360                dprintf@@GLIBC_2.27
                0x0000000000018370                atan2@@GLIBC_2.27
                0x0000000000018380                __isoc23_sscanf@@GLIBC_2.38
                0x0000000000018390                ungetc@@GLIBC_2.27
                0x00000000000183a0                free@@GLIBC_2.27
                0x00000000000183b0                alphasort64@@GLIBC_2.27
                0x00000000000183c0                freeifaddrs@@GLIBC_2.27
                0x00000000000183d0                send@@GLIBC_2.27
                0x00000000000183e0                cfgetospeed@@GLIBC_2.27
                0x00000000000183f0                getifaddrs@@GLIBC_2.27
                0x0000000000018400                setsid@@GLIBC_2.27
                0x0000000000018410                syscall@@GLIBC_2.27
                0x0000000000018420                dup@@GLIBC_2.27
                0x0000000000018430                sin@@GLIBC_2.27
                0x0000000000018440                pivot_root@@GLIBC_2.27
                0x0000000000018450                mmap64@@GLIBC_2.27
                0x0000000000018460                memmove@@GLIBC_2.27
                0x0000000000018470                strcat@@GLIBC_2.27
                0x0000000000018480                strsep@@GLIBC_2.27
                0x0000000000018490                fcntl64@@GLIBC_2.28
                0x00000000000184a0                localtime_r@@GLIBC_2.27
                0x00000000000184b0                fwrite@@GLIBC_2.27
                0x00000000000184c0                setmntent@@GLIBC_2.27
                0x00000000000184d0                getgroups@@GLIBC_2.27
                0x00000000000184e0                clearerr@@GLIBC_2.27
                0x00000000000184f0                ether_hostton@@GLIBC_2.27
                0x0000000000018500                select@@GLIBC_2.27
                0x0000000000018510                killpg@@GLIBC_2.27
                0x0000000000018520                klogctl@@GLIBC_2.27
                0x0000000000018530                mallopt@@GLIBC_2.27
                0x0000000000018540                strchr@@GLIBC_2.27
                0x0000000000018550                capset@@GLIBC_2.27
                0x0000000000018560                tcdrain@@GLIBC_2.27
                0x0000000000018570                getpriority@@GLIBC_2.27
                0x0000000000018580                sqrt@@GLIBC_2.27
                0x0000000000018590                mkdir@@GLIBC_2.27
                0x00000000000185a0                exp@@GLIBC_2.27
                0x00000000000185b0                __isoc23_strtoull@@GLIBC_2.38
                0x00000000000185c0                strcasestr@@GLIBC_2.27
                0x00000000000185d0                grantpt@@GLIBC_2.27
                0x00000000000185e0                asprintf@@GLIBC_2.27
                0x00000000000185f0                __isoc23_strtoll@@GLIBC_2.38
                0x0000000000018600                endmntent@@GLIBC_2.27
                0x0000000000018610                strdup@@GLIBC_2.27
                0x0000000000018620                memchr@@GLIBC_2.27
                0x0000000000018630                tcsetpgrp@@GLIBC_2.27
                0x0000000000018640                setpriority@@GLIBC_2.27
                0x0000000000018650                statvfs64@@GLIBC_2.27
                0x0000000000018660                fopen64@@GLIBC_2.27
                0x0000000000018670                wait@@GLIBC_2.27
                0x0000000000018680                semget@@GLIBC_2.27
                0x0000000000018690                ioctl@@GLIBC_2.27
                0x00000000000186a0                scandir64@@GLIBC_2.27
                0x00000000000186b0                fprintf@@GLIBC_2.27
                0x00000000000186c0                prctl@@GLIBC_2.27
                0x00000000000186d0                umask@@GLIBC_2.27
                0x00000000000186e0                getopt_long_only@@GLIBC_2.27
                0x00000000000186f0                fread@@GLIBC_2.27
                0x0000000000018700                readahead@@GLIBC_2.27
                0x0000000000018710                sendfile64@@GLIBC_2.27
                0x0000000000018720                gnu_dev_minor@@GLIBC_2.27
                0x0000000000018730                strrchr@@GLIBC_2.27
                0x0000000000018740                mktemp@@GLIBC_2.27
                0x0000000000018750                chdir@@GLIBC_2.27
                0x0000000000018760                strtok_r@@GLIBC_2.27
                0x0000000000018770                setbuf@@GLIBC_2.27
                0x0000000000018780                fork@@GLIBC_2.27
                0x0000000000018790                glob64@@GLIBC_2.27
                0x00000000000187a0                nanosleep@@GLIBC_2.27
                0x00000000000187b0                pause@@GLIBC_2.27
                0x00000000000187c0                mkstemp64@@GLIBC_2.27
                0x00000000000187d0                creat64@@GLIBC_2.27
                0x00000000000187e0                clearenv@@GLIBC_2.27
                0x00000000000187f0                __isoc23_strtol@@GLIBC_2.38
                0x0000000000018800                mount@@GLIBC_2.27
                0x0000000000018810                setutxent@@GLIBC_2.27
                0x0000000000018820                if_nametoindex@@GLIBC_2.27
                0x0000000000018830                getpgrp@@GLIBC_2.27
                0x0000000000018840                __isoc23_scanf@@GLIBC_2.38
                0x0000000000018850                lstat64@@GLIBC_2.33
                0x0000000000018860                getusershell@@GLIBC_2.27
                0x0000000000018870                tcgetpgrp@@GLIBC_2.27
                0x0000000000018880                gethostbyaddr@@GLIBC_2.27
                0x0000000000018890                __h_errno_location@@GLIBC_2.27
                0x00000000000188a0                munlock@@GLIBC_2.27
                0x00000000000188b0                pututxline@@GLIBC_2.27
                0x00000000000188c0                write@@GLIBC_2.27
                0x00000000000188d0                shutdown@@GLIBC_2.27
                0x00000000000188e0                fputs_unlocked@@GLIBC_2.27
                0x00000000000188f0                fileno_unlocked@@GLIBC_2.27
                0x0000000000018900                fchmod@@GLIBC_2.27
                0x0000000000018910                longjmp@@GLIBC_2.27
                0x0000000000018920                strcspn@@GLIBC_2.27
                0x0000000000018930                cfsetspeed@@GLIBC_2.27
                0x0000000000018940                strncasecmp@@GLIBC_2.27
                0x0000000000018950                printf@@GLIBC_2.27
                0x0000000000018960                hstrerror@@GLIBC_2.27
                0x0000000000018970                rewind@@GLIBC_2.27
                0x0000000000018980                recv@@GLIBC_2.27
                0x0000000000018990                realloc@@GLIBC_2.27
                0x00000000000189a0                tcsetattr@@GLIBC_2.27
                0x00000000000189b0                bsearch@@GLIBC_2.27
                0x00000000000189c0                ctime@@GLIBC_2.27
                0x00000000000189d0                read@@GLIBC_2.27
                0x00000000000189e0                memset@@GLIBC_2.27
                0x00000000000189f0                sigprocmask@@GLIBC_2.27
                0x0000000000018a00                signal@@GLIBC_2.27
                0x0000000000018a10                setxattr@@GLIBC_2.27
                0x0000000000018a20                _setjmp@@GLIBC_2.27
                0x0000000000018a30                __isoc23_strtoumax@@GLIBC_2.38
                0x0000000000018a40                getppid@@GLIBC_2.27
                0x0000000000018a50                getmntent@@GLIBC_2.27
                0x0000000000018a60                regerror@@GLIBC_2.27
                0x0000000000018a70                sendmsg@@GLIBC_2.27
                0x0000000000018a80                system@@GLIBC_2.27
                0x0000000000018a90                getchar_unlocked@@GLIBC_2.27
                0x0000000000018aa0                semop@@GLIBC_2.27
                0x0000000000018ab0                uname@@GLIBC_2.27
                0x0000000000018ac0                execve@@GLIBC_2.27
                0x0000000000018ad0                setitimer@@GLIBC_2.27
                0x0000000000018ae0                ptsname_r@@GLIBC_2.27
                0x0000000000018af0                fchdir@@GLIBC_2.27
                0x0000000000018b00                execvp@@GLIBC_2.27
                0x0000000000018b10                shmdt@@GLIBC_2.27
                0x0000000000018b20                gmtime@@GLIBC_2.27
                0x0000000000018b30                chmod@@GLIBC_2.27
                0x0000000000018b40                getcwd@@GLIBC_2.27
                0x0000000000018b50                pread64@@GLIBC_2.27
                0x0000000000018b60                log@@GLIBC_2.27
                0x0000000000018b70                getline@@GLIBC_2.27
                0x0000000000018b80                getenv@@GLIBC_2.27
                0x0000000000018b90                sigaction@@GLIBC_2.27
                0x0000000000018ba0                umount2@@GLIBC_2.27
                0x0000000000018bb0                ftruncate64@@GLIBC_2.27
                0x0000000000018bc0                daemon@@GLIBC_2.27
                0x0000000000018bd0                symlink@@GLIBC_2.27
                0x0000000000018be0                __isoc23_strtoul@@GLIBC_2.38
                0x0000000000018bf0                getpeername@@GLIBC_2.27
                0x0000000000018c00                sigtimedwait@@GLIBC_2.27
                0x0000000000018c10                ns_get16@@GLIBC_2.27
                0x0000000000018c20                __libc_start_main@@GLIBC_2.34
                0x0000000000018c30                mkfifo@@GLIBC_2.27
                0x0000000000018c40                setns@@GLIBC_2.27
                0x0000000000018c50                gethostbyname@@GLIBC_2.27
                0x0000000000018c60                setuid@@GLIBC_2.27
                0x0000000000018c70                getnameinfo@@GLIBC_2.27
                0x0000000000018c80                updwtmpx@@GLIBC_2.27
                0x0000000000018c90                fputc@@GLIBC_2.27
                0x0000000000018ca0                getaddrinfo@@GLIBC_2.27
                0x0000000000018cb0                siglongjmp@@GLIBC_2.27
                0x0000000000018cc0                time@@GLIBC_2.27
                0x0000000000018cd0                getrandom@@GLIBC_2.27
                0x0000000000018ce0                setenv@@GLIBC_2.27
                0x0000000000018cf0                munmap@@GLIBC_2.27
                0x0000000000018d00                pclose@@GLIBC_2.27
                0x0000000000018d10                __cmsg_nxthdr@@GLIBC_2.27
                0x0000000000018d20                vsnprintf@@GLIBC_2.27
                0x0000000000018d30                opendir@@GLIBC_2.27
                0x0000000000018d40                sched_get_priority_min@@GLIBC_2.27
                0x0000000000018d50                flock@@GLIBC_2.27
                0x0000000000018d60                lchown@@GLIBC_2.27
                0x0000000000018d70                getegid@@GLIBC_2.27
                0x0000000000018d80                feof_unlocked@@GLIBC_2.27
                0x0000000000018d90                futimens@@GLIBC_2.27
                0x0000000000018da0                openlog@@GLIBC_2.27
                0x0000000000018db0                setegid@@GLIBC_2.27
                0x0000000000018dc0                memrchr@@GLIBC_2.27
                0x0000000000018dd0                vfork@@GLIBC_2.27
                0x0000000000018de0                sigemptyset@@GLIBC_2.27
                0x0000000000018df0                execv@@GLIBC_2.27
                0x0000000000018e00                execlp@@GLIBC_2.27
                0x0000000000018e10                getopt_long@@GLIBC_2.27
                0x0000000000018e20                inet_aton@@GLIBC_2.27
                0x0000000000018e30                bind@@GLIBC_2.27
                0x0000000000018e40                sleep@@GLIBC_2.27
                0x0000000000018e50                sched_yield@@GLIBC_2.27
                0x0000000000018e60                geteuid@@GLIBC_2.27
                0x0000000000018e70                utimensat@@GLIBC_2.27
                0x0000000000018e80                capget@@GLIBC_2.27
                0x0000000000018e90                open64@@GLIBC_2.27
 *(SORT_BY_ALIGNMENT(.iplt))

.text           0x0000000000018ea0    0xb2188
 *(SORT_BY_ALIGNMENT(.text.unlikely) SORT_BY_ALIGNMENT(.text.*_unlikely) SORT_BY_ALIGNMENT(.text.unlikely.*))
 *(SORT_BY_ALIGNMENT(.text.exit) SORT_BY_ALIGNMENT(.text.exit.*))
 *(SORT_BY_ALIGNMENT(.text.startup) SORT_BY_ALIGNMENT(.text.startup.*))
 *(SORT_BY_ALIGNMENT(.text.hot) SORT_BY_ALIGNMENT(.text.hot.*))
 *(SORT_BY_NAME(SORT_BY_ALIGNMENT(.text.sorted.*)))
 *(SORT_BY_ALIGNMENT(.text) SORT_BY_ALIGNMENT(.stub) SORT_BY_ALIGNMENT(.text.*) SORT_BY_ALIGNMENT(.gnu.linkonce.t.*))
 .text          0x0000000000018ea0       0x32 /opt/riscv/sysroot/usr/lib/crt1.o
                0x0000000000018ea0                _start
 .text          0x0000000000018ed2       0x5e /opt/riscv/lib/gcc/riscv64-unknown-linux-gnu/13.2.0/crtbegin.o
 .text.get_trimmed_slice
                0x0000000000018f30       0x2a libbb/lib.a(appletlib.o)
 .text.string_array_len
                0x0000000000018f5a       0x14 libbb/lib.a(appletlib.o)
                0x0000000000018f5a                string_array_len
 .text.find_applet_by_name
                0x0000000000018f6e       0x8a libbb/lib.a(appletlib.o)
                0x0000000000018f6e                find_applet_by_name
 .text.bb_show_usage
                0x0000000000018ff8       0xac libbb/lib.a(appletlib.o)
                0x0000000000018ff8                bb_show_usage
 .text.find_script_by_name
                0x00000000000190a4       0x2a libbb/lib.a(appletlib.o)
 .text.scripted_main
                0x00000000000190ce       0x2a libbb/lib.a(appletlib.o)
                0x00000000000190ce                scripted_main
 .text.parse_config_file
                0x00000000000190f8      0x242 libbb/lib.a(appletlib.o)
 .text.lbb_prepare
                0x000000000001933a       0x1c libbb/lib.a(appletlib.o)
                0x000000000001933a                lbb_prepare
 .text.get_script_content
                0x0000000000019356       0x34 libbb/lib.a(appletlib.o)
                0x0000000000019356                get_script_content
 .text.show_usage_if_dash_dash_help
                0x000000000001938a       0x54 libbb/lib.a(appletlib.o)
                0x000000000001938a                show_usage_if_dash_dash_help
 .text.run_applet_no_and_exit
                0x00000000000193de      0x154 libbb/lib.a(appletlib.o)
                0x00000000000193de                run_applet_no_and_exit
 .text.run_applet_and_exit
                0x0000000000019532      0x2f4 libbb/lib.a(appletlib.o)
 .text.main     0x0000000000019826       0x5c libbb/lib.a(appletlib.o)
                0x0000000000019826                main
 .text.is_prefixed_with
                0x0000000000019882       0x1a libbb/lib.a(compare_string_array.o)
                0x0000000000019882                is_prefixed_with
 .text.is_suffixed_with
                0x000000000001989c       0x3a libbb/lib.a(compare_string_array.o)
                0x000000000001989c                is_suffixed_with
 .text.index_in_strings
                0x00000000000198d6       0x30 libbb/lib.a(compare_string_array.o)
                0x00000000000198d6                index_in_strings
 .text.index_in_substrings
                0x0000000000019906       0x6e libbb/lib.a(compare_string_array.o)
                0x0000000000019906                index_in_substrings
 .text.nth_string
                0x0000000000019974       0x16 libbb/lib.a(compare_string_array.o)
                0x0000000000019974                nth_string
 .text.concat_path_file
                0x000000000001998a       0x5a libbb/lib.a(concat_path_file.o)
                0x000000000001998a                concat_path_file
 .text.bb_basename
                0x00000000000199e4       0x20 libbb/lib.a(get_last_path_component.o)
                0x00000000000199e4                bb_basename
 .text.bb_get_last_path_component_nostrip
                0x0000000000019a04       0x2a libbb/lib.a(get_last_path_component.o)
                0x0000000000019a04                bb_get_last_path_component_nostrip
 .text.bb_get_last_path_component_strip
                0x0000000000019a2e       0x34 libbb/lib.a(get_last_path_component.o)
                0x0000000000019a2e                bb_get_last_path_component_strip
 .text.last_char_is
                0x0000000000019a62       0x20 libbb/lib.a(last_char_is.o)
                0x0000000000019a62                last_char_is
 .text.llist_add_to
                0x0000000000019a82       0x24 libbb/lib.a(llist.o)
                0x0000000000019a82                llist_add_to
 .text.llist_add_to_end
                0x0000000000019aa6       0x28 libbb/lib.a(llist.o)
                0x0000000000019aa6                llist_add_to_end
 .text.llist_pop
                0x0000000000019ace       0x22 libbb/lib.a(llist.o)
                0x0000000000019ace                llist_pop
 .text.llist_unlink
                0x0000000000019af0       0x16 libbb/lib.a(llist.o)
                0x0000000000019af0                llist_unlink
 .text.llist_free
                0x0000000000019b06       0x22 libbb/lib.a(llist.o)
                0x0000000000019b06                llist_free
 .text.llist_rev
                0x0000000000019b28       0x12 libbb/lib.a(llist.o)
                0x0000000000019b28                llist_rev
 .text.llist_find_str
                0x0000000000019b3a       0x28 libbb/lib.a(llist.o)
                0x0000000000019b3a                llist_find_str
 .text.bb_perror_msg
                0x0000000000019b62       0x3a libbb/lib.a(perror_msg.o)
                0x0000000000019b62                bb_perror_msg
 .text.bb_perror_msg_and_die
                0x0000000000019b9c       0x36 libbb/lib.a(perror_msg.o)
                0x0000000000019b9c                bb_perror_msg_and_die
 .text.bb_simple_perror_msg
                0x0000000000019bd2        0xc libbb/lib.a(perror_msg.o)
                0x0000000000019bd2                bb_simple_perror_msg
 .text.bb_simple_perror_msg_and_die
                0x0000000000019bde       0x12 libbb/lib.a(perror_msg.o)
                0x0000000000019bde                bb_simple_perror_msg_and_die
 .text.skip_whitespace
                0x0000000000019bf0       0x1e libbb/lib.a(skip_whitespace.o)
                0x0000000000019bf0                skip_whitespace
 .text.skip_non_whitespace
                0x0000000000019c0e       0x1c libbb/lib.a(skip_whitespace.o)
                0x0000000000019c0e                skip_non_whitespace
 .text.skip_dev_pfx
                0x0000000000019c2a       0x22 libbb/lib.a(skip_whitespace.o)
                0x0000000000019c2a                skip_dev_pfx
 .text.bb_verror_msg
                0x0000000000019c4c      0x190 libbb/lib.a(verror_msg.o)
                0x0000000000019c4c                bb_verror_msg
 .text.bb_error_msg_and_die
                0x0000000000019ddc       0x20 libbb/lib.a(verror_msg.o)
                0x0000000000019ddc                bb_error_msg_and_die
 .text.bb_error_msg
                0x0000000000019dfc       0x22 libbb/lib.a(verror_msg.o)
                0x0000000000019dfc                bb_error_msg
 .text.bb_vinfo_msg
                0x0000000000019e1e       0x20 libbb/lib.a(verror_msg.o)
                0x0000000000019e1e                bb_vinfo_msg
 .text.bb_info_msg
                0x0000000000019e3e       0x20 libbb/lib.a(verror_msg.o)
                0x0000000000019e3e                bb_info_msg
 .text.bb_simple_info_msg
                0x0000000000019e5e        0xc libbb/lib.a(verror_msg.o)
                0x0000000000019e5e                bb_simple_info_msg
 .text.bb_simple_error_msg
                0x0000000000019e6a        0xc libbb/lib.a(verror_msg.o)
                0x0000000000019e6a                bb_simple_error_msg
 .text.bb_simple_error_msg_and_die
                0x0000000000019e76       0x12 libbb/lib.a(verror_msg.o)
                0x0000000000019e76                bb_simple_error_msg_and_die
 .text.xfdopen_helper
                0x0000000000019e88       0x30 libbb/lib.a(wfopen.o)
 .text.fopen_or_warn
                0x0000000000019eb8       0x24 libbb/lib.a(wfopen.o)
                0x0000000000019eb8                fopen_or_warn
 .text.fopen_for_read
                0x0000000000019edc        0xc libbb/lib.a(wfopen.o)
                0x0000000000019edc                fopen_for_read
 .text.xfopen_for_read
                0x0000000000019ee8        0xa libbb/lib.a(wfopen.o)
                0x0000000000019ee8                xfopen_for_read
 .text.fopen_for_write
                0x0000000000019ef2        0xc libbb/lib.a(wfopen.o)
                0x0000000000019ef2                fopen_for_write
 .text.xfopen_for_write
                0x0000000000019efe        0xa libbb/lib.a(wfopen.o)
                0x0000000000019efe                xfopen_for_write
 .text.xfdopen_for_read
                0x0000000000019f08        0x6 libbb/lib.a(wfopen.o)
                0x0000000000019f08                xfdopen_for_read
 .text.xfdopen_for_write
                0x0000000000019f0e        0x8 libbb/lib.a(wfopen.o)
                0x0000000000019f0e                xfdopen_for_write
 .text.xfunc_die
                0x0000000000019f16       0x14 libbb/lib.a(xfunc_die.o)
                0x0000000000019f16                xfunc_die
 .text.ndelay_on
                0x0000000000019f2a       0x38 libbb/lib.a(xfuncs.o)
                0x0000000000019f2a                ndelay_on
 .text.ndelay_off
                0x0000000000019f62       0x38 libbb/lib.a(xfuncs.o)
                0x0000000000019f62                ndelay_off
 .text.close_on_exec_on
                0x0000000000019f9a        0x8 libbb/lib.a(xfuncs.o)
                0x0000000000019f9a                close_on_exec_on
 .text.strncpy_IFNAMSIZ
                0x0000000000019fa2        0x6 libbb/lib.a(xfuncs.o)
                0x0000000000019fa2                strncpy_IFNAMSIZ
 .text.utoa_to_buf
                0x0000000000019fa8       0x48 libbb/lib.a(xfuncs.o)
                0x0000000000019fa8                utoa_to_buf
 .text.itoa_to_buf
                0x0000000000019ff0       0x1c libbb/lib.a(xfuncs.o)
                0x0000000000019ff0                itoa_to_buf
 .text.utoa     0x000000000001a00c       0x20 libbb/lib.a(xfuncs.o)
                0x000000000001a00c                utoa
 .text.itoa     0x000000000001a02c       0x20 libbb/lib.a(xfuncs.o)
                0x000000000001a02c                itoa
 .text.bin2hex  0x000000000001a04c       0x4e libbb/lib.a(xfuncs.o)
                0x000000000001a04c                bin2hex
 .text.hex2bin  0x000000000001a09a       0xb2 libbb/lib.a(xfuncs.o)
                0x000000000001a09a                hex2bin
 .text.bb_putchar_stderr
                0x000000000001a14c       0x1c libbb/lib.a(xfuncs.o)
                0x000000000001a14c                bb_putchar_stderr
 .text.full_write1_str
                0x000000000001a168       0x18 libbb/lib.a(xfuncs.o)
                0x000000000001a168                full_write1_str
 .text.full_write2_str
                0x000000000001a180       0x18 libbb/lib.a(xfuncs.o)
                0x000000000001a180                full_write2_str
 .text.get_terminal_width_height
                0x000000000001a198       0xf6 libbb/lib.a(xfuncs.o)
                0x000000000001a198                get_terminal_width_height
 .text.get_terminal_width
                0x000000000001a28e       0x14 libbb/lib.a(xfuncs.o)
                0x000000000001a28e                get_terminal_width
 .text.is_TERM_dumb
                0x000000000001a2a2       0x2c libbb/lib.a(xfuncs.o)
                0x000000000001a2a2                is_TERM_dumb
 .text.tcsetattr_stdin_TCSANOW
                0x000000000001a2ce        0xa libbb/lib.a(xfuncs.o)
                0x000000000001a2ce                tcsetattr_stdin_TCSANOW
 .text.get_termios_and_make_raw
                0x000000000001a2d8       0x8a libbb/lib.a(xfuncs.o)
                0x000000000001a2d8                get_termios_and_make_raw
 .text.set_termios_to_raw
                0x000000000001a362       0x24 libbb/lib.a(xfuncs.o)
                0x000000000001a362                set_termios_to_raw
 .text.safe_waitpid
                0x000000000001a386       0x48 libbb/lib.a(xfuncs.o)
                0x000000000001a386                safe_waitpid
 .text.wait_any_nohang
                0x000000000001a3ce        0x8 libbb/lib.a(xfuncs.o)
                0x000000000001a3ce                wait_any_nohang
 .text.wait4pid
                0x000000000001a3d6       0x58 libbb/lib.a(xfuncs.o)
                0x000000000001a3d6                wait4pid
 .text.exit_SUCCESS
                0x000000000001a42e        0xa libbb/lib.a(xfuncs.o)
                0x000000000001a42e                exit_SUCCESS
 .text._exit_SUCCESS
                0x000000000001a438        0xa libbb/lib.a(xfuncs.o)
                0x000000000001a438                _exit_SUCCESS
 .text.bb_die_memory_exhausted
                0x000000000001a442       0x10 libbb/lib.a(xfuncs_printf.o)
                0x000000000001a442                bb_die_memory_exhausted
 .text.malloc_or_warn
                0x000000000001a452       0x2c libbb/lib.a(xfuncs_printf.o)
                0x000000000001a452                malloc_or_warn
 .text.xmalloc  0x000000000001a47e       0x1c libbb/lib.a(xfuncs_printf.o)
                0x000000000001a47e                xmalloc
 .text.xrealloc
                0x000000000001a49a       0x1c libbb/lib.a(xfuncs_printf.o)
                0x000000000001a49a                xrealloc
 .text.xzalloc  0x000000000001a4b6       0x20 libbb/lib.a(xfuncs_printf.o)
                0x000000000001a4b6                xzalloc
 .text.xstrdup  0x000000000001a4d6       0x18 libbb/lib.a(xfuncs_printf.o)
                0x000000000001a4d6                xstrdup
 .text.xstrndup
                0x000000000001a4ee       0x14 libbb/lib.a(xfuncs_printf.o)
                0x000000000001a4ee                xstrndup
 .text.xmemdup  0x000000000001a502       0x1e libbb/lib.a(xfuncs_printf.o)
                0x000000000001a502                xmemdup
 .text.mmap_read
                0x000000000001a520        0xe libbb/lib.a(xfuncs_printf.o)
                0x000000000001a520                mmap_read
 .text.mmap_anon
                0x000000000001a52e       0x12 libbb/lib.a(xfuncs_printf.o)
                0x000000000001a52e                mmap_anon
 .text.xmmap_anon
                0x000000000001a540       0x18 libbb/lib.a(xfuncs_printf.o)
                0x000000000001a540                xmmap_anon
 .text.xfopen   0x000000000001a558       0x24 libbb/lib.a(xfuncs_printf.o)
                0x000000000001a558                xfopen
 .text.xopen3   0x000000000001a57c       0x26 libbb/lib.a(xfuncs_printf.o)
                0x000000000001a57c                xopen3
 .text.xopen    0x000000000001a5a2        0x6 libbb/lib.a(xfuncs_printf.o)
                0x000000000001a5a2                xopen
 .text.open3_or_warn
                0x000000000001a5a8       0x2e libbb/lib.a(xfuncs_printf.o)
                0x000000000001a5a8                open3_or_warn
 .text.open_or_warn
                0x000000000001a5d6        0x6 libbb/lib.a(xfuncs_printf.o)
                0x000000000001a5d6                open_or_warn
 .text.xopen_nonblocking
                0x000000000001a5dc        0x8 libbb/lib.a(xfuncs_printf.o)
                0x000000000001a5dc                xopen_nonblocking
 .text.xunlink  0x000000000001a5e4       0x20 libbb/lib.a(xfuncs_printf.o)
                0x000000000001a5e4                xunlink
 .text.xrename  0x000000000001a604       0x28 libbb/lib.a(xfuncs_printf.o)
                0x000000000001a604                xrename
 .text.rename_or_warn
                0x000000000001a62c       0x30 libbb/lib.a(xfuncs_printf.o)
                0x000000000001a62c                rename_or_warn
 .text.xpipe    0x000000000001a65c       0x1c libbb/lib.a(xfuncs_printf.o)
                0x000000000001a65c                xpipe
 .text.xdup2    0x000000000001a678       0x24 libbb/lib.a(xfuncs_printf.o)
                0x000000000001a678                xdup2
 .text.xmove_fd
                0x000000000001a69c       0x1e libbb/lib.a(xfuncs_printf.o)
                0x000000000001a69c                xmove_fd
 .text.xwrite   0x000000000001a6ba       0x36 libbb/lib.a(xfuncs_printf.o)
                0x000000000001a6ba                xwrite
 .text.xwrite_str
                0x000000000001a6f0       0x1e libbb/lib.a(xfuncs_printf.o)
                0x000000000001a6f0                xwrite_str
 .text.xclose   0x000000000001a70e       0x1c libbb/lib.a(xfuncs_printf.o)
                0x000000000001a70e                xclose
 .text.xlseek   0x000000000001a72a       0x30 libbb/lib.a(xfuncs_printf.o)
                0x000000000001a72a                xlseek
 .text.xmkstemp
                0x000000000001a75a       0x22 libbb/lib.a(xfuncs_printf.o)
                0x000000000001a75a                xmkstemp
 .text.die_if_ferror
                0x000000000001a77c       0x20 libbb/lib.a(xfuncs_printf.o)
                0x000000000001a77c                die_if_ferror
 .text.die_if_ferror_stdout
                0x000000000001a79c        0xe libbb/lib.a(xfuncs_printf.o)
                0x000000000001a79c                die_if_ferror_stdout
 .text.fflush_all
                0x000000000001a7aa        0x6 libbb/lib.a(xfuncs_printf.o)
                0x000000000001a7aa                fflush_all
 .text.bb_putchar
                0x000000000001a7b0        0x4 libbb/lib.a(xfuncs_printf.o)
                0x000000000001a7b0                bb_putchar
 .text.fputs_stdout
                0x000000000001a7b4        0x8 libbb/lib.a(xfuncs_printf.o)
                0x000000000001a7b4                fputs_stdout
 .text.xprint_and_close_file
                0x000000000001a7bc       0x2e libbb/lib.a(xfuncs_printf.o)
                0x000000000001a7bc                xprint_and_close_file
 .text.xasprintf
                0x000000000001a7ea       0x2e libbb/lib.a(xfuncs_printf.o)
                0x000000000001a7ea                xasprintf
 .text.xsetenv  0x000000000001a818       0x16 libbb/lib.a(xfuncs_printf.o)
                0x000000000001a818                xsetenv
 .text.bb_unsetenv
                0x000000000001a82e       0x66 libbb/lib.a(xfuncs_printf.o)
                0x000000000001a82e                bb_unsetenv
 .text.bb_unsetenv_and_free
                0x000000000001a894       0x18 libbb/lib.a(xfuncs_printf.o)
                0x000000000001a894                bb_unsetenv_and_free
 .text.xsetgid  0x000000000001a8ac       0x1c libbb/lib.a(xfuncs_printf.o)
                0x000000000001a8ac                xsetgid
 .text.xsetuid  0x000000000001a8c8       0x1c libbb/lib.a(xfuncs_printf.o)
                0x000000000001a8c8                xsetuid
 .text.xsetegid
                0x000000000001a8e4       0x1c libbb/lib.a(xfuncs_printf.o)
                0x000000000001a8e4                xsetegid
 .text.xseteuid
                0x000000000001a900       0x1c libbb/lib.a(xfuncs_printf.o)
                0x000000000001a900                xseteuid
 .text.xopen_as_uid_gid
                0x000000000001a91c       0x5a libbb/lib.a(xfuncs_printf.o)
                0x000000000001a91c                xopen_as_uid_gid
 .text.chdir_or_warn
                0x000000000001a976       0x28 libbb/lib.a(xfuncs_printf.o)
                0x000000000001a976                chdir_or_warn
 .text.xchdir   0x000000000001a99e       0x14 libbb/lib.a(xfuncs_printf.o)
                0x000000000001a99e                xchdir
 .text.xfchdir  0x000000000001a9b2       0x1c libbb/lib.a(xfuncs_printf.o)
                0x000000000001a9b2                xfchdir
 .text.xchroot  0x000000000001a9ce       0x28 libbb/lib.a(xfuncs_printf.o)
                0x000000000001a9ce                xchroot
 .text.warn_opendir
                0x000000000001a9f6       0x28 libbb/lib.a(xfuncs_printf.o)
                0x000000000001a9f6                warn_opendir
 .text.xopendir
                0x000000000001aa1e       0x20 libbb/lib.a(xfuncs_printf.o)
                0x000000000001aa1e                xopendir
 .text.xsocket  0x000000000001aa3e       0x1e libbb/lib.a(xfuncs_printf.o)
                0x000000000001aa3e                xsocket
 .text.xbind    0x000000000001aa5c       0x1c libbb/lib.a(xfuncs_printf.o)
                0x000000000001aa5c                xbind
 .text.xlisten  0x000000000001aa78       0x1c libbb/lib.a(xfuncs_printf.o)
                0x000000000001aa78                xlisten
 .text.xsendto  0x000000000001aa94       0x24 libbb/lib.a(xfuncs_printf.o)
                0x000000000001aa94                xsendto
 .text.xstat    0x000000000001aab8       0x24 libbb/lib.a(xfuncs_printf.o)
                0x000000000001aab8                xstat
 .text.xfstat   0x000000000001aadc       0x1c libbb/lib.a(xfuncs_printf.o)
                0x000000000001aadc                xfstat
 .text.ioctl_or_perror_and_die
                0x000000000001aaf8       0x40 libbb/lib.a(xfuncs_printf.o)
                0x000000000001aaf8                ioctl_or_perror_and_die
 .text.ioctl_or_perror
                0x000000000001ab38       0x44 libbb/lib.a(xfuncs_printf.o)
                0x000000000001ab38                ioctl_or_perror
 .text.bb_ioctl_or_warn
                0x000000000001ab7c       0x2a libbb/lib.a(xfuncs_printf.o)
                0x000000000001ab7c                bb_ioctl_or_warn
 .text.bb_xioctl
                0x000000000001aba6       0x22 libbb/lib.a(xfuncs_printf.o)
                0x000000000001aba6                bb_xioctl
 .text.xmalloc_ttyname
                0x000000000001abc8       0x20 libbb/lib.a(xfuncs_printf.o)
                0x000000000001abc8                xmalloc_ttyname
 .text.generate_uuid
                0x000000000001abe8       0x86 libbb/lib.a(xfuncs_printf.o)
                0x000000000001abe8                generate_uuid
 .text.xfork    0x000000000001ac6e       0x1e libbb/lib.a(xfuncs_printf.o)
                0x000000000001ac6e                xfork
 .text.wait_for_exitstatus
                0x000000000001ac8c       0x24 libbb/lib.a(xfuncs_printf.o)
                0x000000000001ac8c                wait_for_exitstatus
 .text.xvfork_parent_waits_and_exits
                0x000000000001acb0       0x5a libbb/lib.a(xfuncs_printf.o)
                0x000000000001acb0                xvfork_parent_waits_and_exits
 .text.xsettimeofday
                0x000000000001ad0a       0x1e libbb/lib.a(xfuncs_printf.o)
                0x000000000001ad0a                xsettimeofday
 .text.xgettimeofday
                0x000000000001ad28        0x6 libbb/lib.a(xfuncs_printf.o)
                0x000000000001ad28                xgettimeofday
 .text.xmalloc_readlink
                0x000000000001ad2e       0x5e libbb/lib.a(xreadlink.o)
                0x000000000001ad2e                xmalloc_readlink
 .text.xmalloc_follow_symlinks
                0x000000000001ad8c       0x9c libbb/lib.a(xreadlink.o)
                0x000000000001ad8c                xmalloc_follow_symlinks
 .text.xmalloc_readlink_or_warn
                0x000000000001ae28       0x48 libbb/lib.a(xreadlink.o)
                0x000000000001ae28                xmalloc_readlink_or_warn
 .text.xmalloc_realpath
                0x000000000001ae70        0x6 libbb/lib.a(xreadlink.o)
                0x000000000001ae70                xmalloc_realpath
 .text.xmalloc_realpath_coreutils
                0x000000000001ae76      0x13e libbb/lib.a(xreadlink.o)
                0x000000000001ae76                xmalloc_realpath_coreutils
 .text.bb_full_fd_action
                0x000000000001afb4       0xfe libbb/lib.a(copyfd.o)
 .text.bb_copyfd_size
                0x000000000001b0b2        0x8 libbb/lib.a(copyfd.o)
                0x000000000001b0b2                bb_copyfd_size
 .text.bb_copyfd_exact_size
                0x000000000001b0ba       0x36 libbb/lib.a(copyfd.o)
                0x000000000001b0ba                bb_copyfd_exact_size
 .text.bb_copyfd_eof
                0x000000000001b0f0        0x6 libbb/lib.a(copyfd.o)
                0x000000000001b0f0                bb_copyfd_eof
 .text.full_write
                0x000000000001b0f6       0x40 libbb/lib.a(full_write.o)
                0x000000000001b0f6                full_write
 .text.safe_read
                0x000000000001b136       0x46 libbb/lib.a(read.o)
                0x000000000001b136                safe_read
 .text.full_read
                0x000000000001b17c       0x42 libbb/lib.a(read.o)
                0x000000000001b17c                full_read
 .text.read_close
                0x000000000001b1be       0x22 libbb/lib.a(read.o)
                0x000000000001b1be                read_close
 .text.open_read_close
                0x000000000001b1e0       0x28 libbb/lib.a(read.o)
                0x000000000001b1e0                open_read_close
 .text.safe_write
                0x000000000001b208       0x46 libbb/lib.a(safe_write.o)
                0x000000000001b208                safe_write
 .text.record_signo
                0x000000000001b24e        0x6 libbb/lib.a(signals.o)
                0x000000000001b24e                record_signo
 .text.sigaction_set
                0x000000000001b254        0x6 libbb/lib.a(signals.o)
                0x000000000001b254                sigaction_set
 .text.sigprocmask_allsigs
                0x000000000001b25a       0x20 libbb/lib.a(signals.o)
                0x000000000001b25a                sigprocmask_allsigs
 .text.sigprocmask2
                0x000000000001b27a        0x6 libbb/lib.a(signals.o)
                0x000000000001b27a                sigprocmask2
 .text.bb_signals
                0x000000000001b280       0x3c libbb/lib.a(signals.o)
                0x000000000001b280                bb_signals
 .text.bb_signals_norestart
                0x000000000001b2bc       0x46 libbb/lib.a(signals.o)
                0x000000000001b2bc                bb_signals_norestart
 .text.sig_block
                0x000000000001b302       0x24 libbb/lib.a(signals.o)
                0x000000000001b302                sig_block
 .text.sig_unblock
                0x000000000001b326       0x24 libbb/lib.a(signals.o)
                0x000000000001b326                sig_unblock
 .text.wait_for_any_sig
                0x000000000001b34a       0x16 libbb/lib.a(signals.o)
                0x000000000001b34a                wait_for_any_sig
 .text.kill_myself_with_sig
                0x000000000001b360       0x22 libbb/lib.a(signals.o)
                0x000000000001b360                kill_myself_with_sig
 .text.signal_SA_RESTART_empty_mask
                0x000000000001b382       0x32 libbb/lib.a(signals.o)
                0x000000000001b382                signal_SA_RESTART_empty_mask
 .text.signal_no_SA_RESTART_empty_mask
                0x000000000001b3b4       0x2c libbb/lib.a(signals.o)
                0x000000000001b3b4                signal_no_SA_RESTART_empty_mask
 .text.get_mono
                0x000000000001b3e0       0x20 libbb/lib.a(time.o)
 .text.parse_datestr
                0x000000000001b400      0x2b0 libbb/lib.a(time.o)
                0x000000000001b400                parse_datestr
 .text.validate_tm_time
                0x000000000001b6b0       0x2a libbb/lib.a(time.o)
                0x000000000001b6b0                validate_tm_time
 .text.strftime_HHMMSS
                0x000000000001b6da       0x3e libbb/lib.a(time.o)
                0x000000000001b6da                strftime_HHMMSS
 .text.strftime_YYYYMMDDHHMMSS
                0x000000000001b718       0x3e libbb/lib.a(time.o)
                0x000000000001b718                strftime_YYYYMMDDHHMMSS
 .text.monotonic_us
                0x000000000001b756       0x2a libbb/lib.a(time.o)
                0x000000000001b756                monotonic_us
 .text.monotonic_ms
                0x000000000001b780       0x2a libbb/lib.a(time.o)
                0x000000000001b780                monotonic_ms
 .text.monotonic_sec
                0x000000000001b7aa       0x12 libbb/lib.a(time.o)
                0x000000000001b7aa                monotonic_sec
 .text.xrealloc_getcwd_or_warn
                0x000000000001b7bc       0x80 libbb/lib.a(xgetcwd.o)
                0x000000000001b7bc                xrealloc_getcwd_or_warn
 .text.handle_errors.isra.0
                0x000000000001b83c       0x3e libbb/lib.a(bb_strtonum.o)
 .text.bb_strtoull
                0x000000000001b87a       0x58 libbb/lib.a(bb_strtonum.o)
                0x000000000001b87a                bb_strtoull
 .text.bb_strtoll
                0x000000000001b8d2       0x64 libbb/lib.a(bb_strtonum.o)
                0x000000000001b8d2                bb_strtoll
 .text.bb_strtou
                0x000000000001b936       0x66 libbb/lib.a(bb_strtonum.o)
                0x000000000001b936                bb_strtou
 .text.bb_strtoi
                0x000000000001b99c       0x7a libbb/lib.a(bb_strtonum.o)
                0x000000000001b99c                bb_strtoi
 .text.get_S    0x000000000001ba16       0x62 libpwdgrp/lib.a(pwd_grp.o)
 .text.tokenize
                0x000000000001ba78       0x9a libpwdgrp/lib.a(pwd_grp.o)
 .text.parse_common
                0x000000000001bb12       0xfe libpwdgrp/lib.a(pwd_grp.o)